Component: ARM Compiler 5.06 update 6 (build 750) Tool: armlink [4d35ed]

==============================================================================

Section Cross References

    main.o(.text) refers to step.o(.text) for StepMotor_exec_justrun
    main.o(.text) refers to arch_board.o(.text) for Get_board_id
    main.o(.text) refers to arch_can.o(.text) for arch_SendMassage
    main.o(.text) refers to main.o(.data) for .data
    main.o(.text) refers to step.o(.bss) for STEPMOTOR
    main.o(.text) refers to massage.o(.text) for Massage_Pop
    main.o(.text) refers to stm32f37x_gpio.o(.text) for GPIO_WriteBit
    main.o(.text) refers to alert.o(.text) for Alert_Clear
    main.o(.text) refers to arch_adc.o(.text) for arch_adc_test
    main.o(.text) refers to step.o(.data) for com_val
    main.o(.text) refers to arch_can.o(.data) for can_receive_count
    stm32f37x_it.o(.text) refers to main.o(.text) for TimingDelay_Decrement
    stm32f37x_it.o(.text) refers to arch_can.o(.text) for hook_CAN_isr
    stm32f37x_it.o(.text) refers to stm32f37x_tim.o(.text) for TIM_GetITStatus
    stm32f37x_it.o(.text) refers to step.o(.text) for step_test
    stm32f37x_it.o(.text) refers to stm32f37x_it.o(.data) for .data
    stm32f37x_it.o(.text) refers to arch_time.o(.data) for CCR1_Val
    system_stm32f37x.o(.text) refers to system_stm32f37x.o(.data) for .data
    arch_adc.o(.text) refers to stm32f37x_rcc.o(.text) for RCC_ADCCLKConfig
    arch_adc.o(.text) refers to stm32f37x_gpio.o(.text) for GPIO_Init
    arch_adc.o(.text) refers to stm32f37x_dma.o(.text) for DMA_DeInit
    arch_adc.o(.text) refers to stm32f37x_adc.o(.text) for ADC_DeInit
    arch_adc.o(.text) refers to stm32f37x_syscfg.o(.text) for SYSCFG_VBATMonitoringCmd
    arch_adc.o(.text) refers to alert.o(.text) for alert_push
    arch_adc.o(.text) refers to arch_adc.o(.bss) for .bss
    arch_adc.o(.text) refers to arch_adc.o(.data) for .data
    arch_adc.o(.text) refers to main.o(.data) for DC24
    arch_adc.o(.data) refers to arch_adc.o(.conststring) for .conststring
    arch_gpio.o(.text) refers to stm32f37x_rcc.o(.text) for RCC_AHBPeriphClockCmd
    arch_gpio.o(.text) refers to stm32f37x_gpio.o(.text) for GPIO_Init
    arch_gpio.o(.text) refers to arch_board.o(.text) for Get_doard_type_ex
    arch_can.o(.text) refers to stm32f37x_rcc.o(.text) for RCC_AHBPeriphClockCmd
    arch_can.o(.text) refers to stm32f37x_gpio.o(.text) for GPIO_PinAFConfig
    arch_can.o(.text) refers to stm32f37x_misc.o(.text) for NVIC_Init
    arch_can.o(.text) refers to stm32f37x_can.o(.text) for CAN_DeInit
    arch_can.o(.text) refers to arch_board.o(.text) for Is_Yarn_Board
    arch_can.o(.text) refers to step.o(.text) for Step_is_CX_5N_board
    arch_can.o(.text) refers to massage.o(.text) for Massage_Push
    arch_can.o(.text) refers to arch_can.o(.data) for .data
    arch_can.o(.text) refers to arch_can.o(.bss) for .bss
    arch_uart.o(.text) refers to stm32f37x_rcc.o(.text) for RCC_AHBPeriphClockCmd
    arch_uart.o(.text) refers to stm32f37x_gpio.o(.text) for GPIO_PinAFConfig
    arch_uart.o(.text) refers to stm32f37x_usart.o(.text) for USART_Init
    arch_uart.o(.text) refers to stm32f37x_misc.o(.text) for NVIC_Init
    arch_uart.o(.text) refers to arch_uart.o(.constdata) for .constdata
    arch_uart.o(.text) refers to arch_uart.o(.data) for .data
    arch_uart.o(.text) refers to arch_uart.o(.bss) for .bss
    arch_time.o(.text) refers to stm32f37x_rcc.o(.text) for RCC_APB1PeriphClockCmd
    arch_time.o(.text) refers to stm32f37x_misc.o(.text) for NVIC_Init
    arch_time.o(.text) refers to stm32f37x_tim.o(.text) for TIM_TimeBaseInit
    arch_dac.o(.text) refers to stm32f37x_rcc.o(.text) for RCC_AHBPeriphClockCmd
    arch_dac.o(.text) refers to stm32f37x_gpio.o(.text) for GPIO_Init
    arch_dac.o(.text) refers to stm32f37x_dac.o(.text) for DAC_Init
    arch_board.o(.text) refers to eeprom.o(.text) for EE_Write
    arch_board.o(.text) refers to main.o(.text) for Delay
    arch_board.o(.text) refers to stm32f37x_rcc.o(.text) for RCC_DeInit
    arch_board.o(.text) refers to stm32f37x_flash.o(.text) for FLASH_PrefetchBufferCmd
    arch_board.o(.text) refers to stm32f37x_gpio.o(.text) for GPIO_ReadInputData
    arch_board.o(.text) refers to arch_time.o(.text) for TIMER_SetCompare1
    arch_board.o(.text) refers to arch_board.o(.data) for .data
    arch_board.o(.text) refers to main.o(.data) for EMF_Operate_Reback
    arch_board.o(.text) refers to stm32f37x_tim.o(.text) for TIM_ITConfig
    arch_board.o(.text) refers to stm32f37x_misc.o(.text) for NVIC_SetVectorTable
    arch_board.o(.text) refers to arch_gpio.o(.text) for GPIO_config
    arch_board.o(.text) refers to arch_adc.o(.text) for ADC_config
    arch_board.o(.text) refers to arch_can.o(.text) for CAN_Config
    arch_board.o(.text) refers to arch_dac.o(.text) for DAC12_Config
    arch_board.o(.text) refers to alert.o(.text) for alert_init
    arch_board.o(.text) refers to massage.o(.text) for Massage_Init
[...]
    Removing arch_time.o(.data), (2 bytes).
    Removing arch_dac.o(.rev16_text), (4 bytes).
    Removing arch_dac.o(.revsh_text), (4 bytes).
    Removing arch_board.o(.rev16_text), (4 bytes).
    Removing arch_board.o(.revsh_text), (4 bytes).
    Removing shell.o(.text), (1276 bytes).
    Removing shell.o(.bss), (3360 bytes).
    Removing shell.o(.conststring), (76 bytes).
    Removing shell.o(.data), (388 bytes).
    Removing shell_ctrl.o(.text), (132 bytes).
    Removing shell_ctrl.o(.conststring), (120 bytes).
    Removing shell_ctrl.o(.data), (364 bytes).
    Removing step.o(.rev16_text), (4 bytes).
    Removing step.o(.revsh_text), (4 bytes).
    Removing step.o(.data), (56 bytes).
    Removing step.o(.data), (4 bytes).
    Removing step.o(.data), (4 bytes).
    Removing step.o(.data), (4 bytes).
    Removing step.o(.data), (4 bytes).
    Removing eeprom.o(.rev16_text), (4 bytes).
    Removing eeprom.o(.revsh_text), (4 bytes).
    Removing startup_stm32f37x.o(HEAP), (512 bytes).
    Removing stm32f37x_adc.o(.rev16_text), (4 bytes).
    Removing stm32f37x_adc.o(.revsh_text), (4 bytes).
    Removing stm32f37x_can.o(.rev16_text), (4 bytes).
    Removing stm32f37x_can.o(.revsh_text), (4 bytes).
    Removing stm32f37x_cec.o(.rev16_text), (4 bytes).
    Removing stm32f37x_cec.o(.revsh_text), (4 bytes).
    Removing stm32f37x_cec.o(.text), (256 bytes).
    Removing stm32f37x_comp.o(.rev16_text), (4 bytes).
    Removing stm32f37x_comp.o(.revsh_text), (4 bytes).
    Removing stm32f37x_comp.o(.text), (176 bytes).
    Removing stm32f37x_crc.o(.rev16_text), (4 bytes).
    Removing stm32f37x_crc.o(.revsh_text), (4 bytes).
    Removing stm32f37x_crc.o(.text), (172 bytes).
    Removing stm32f37x_dac.o(.rev16_text), (4 bytes).
    Removing stm32f37x_dac.o(.revsh_text), (4 bytes).
    Removing stm32f37x_dbgmcu.o(.rev16_text), (4 bytes).
    Removing stm32f37x_dbgmcu.o(.revsh_text), (4 bytes).
    Removing stm32f37x_dbgmcu.o(.text), (76 bytes).
    Removing stm32f37x_dma.o(.rev16_text), (4 bytes).
    Removing stm32f37x_dma.o(.revsh_text), (4 bytes).
    Removing stm32f37x_exti.o(.rev16_text), (4 bytes).
    Removing stm32f37x_exti.o(.revsh_text), (4 bytes).
    Removing stm32f37x_exti.o(.text), (236 bytes).
    Removing stm32f37x_flash.o(.rev16_text), (4 bytes).
    Removing stm32f37x_flash.o(.revsh_text), (4 bytes).
    Removing stm32f37x_gpio.o(.rev16_text), (4 bytes).
    Removing stm32f37x_gpio.o(.revsh_text), (4 bytes).
    Removing stm32f37x_i2c.o(.rev16_text), (4 bytes).
    Removing stm32f37x_i2c.o(.revsh_text), (4 bytes).
    Removing stm32f37x_i2c.o(.text), (868 bytes).
    Removing stm32f37x_iwdg.o(.rev16_text), (4 bytes).
    Removing stm32f37x_iwdg.o(.revsh_text), (4 bytes).
    Removing stm32f37x_iwdg.o(.text), (64 bytes).
    Removing stm32f37x_misc.o(.rev16_text), (4 bytes).
    Removing stm32f37x_misc.o(.revsh_text), (4 bytes).
    Removing stm32f37x_pwr.o(.rev16_text), (4 bytes).
    Removing stm32f37x_pwr.o(.revsh_text), (4 bytes).
    Removing stm32f37x_pwr.o(.text), (224 bytes).
    Removing stm32f37x_rcc.o(.rev16_text), (4 bytes).
    Removing stm32f37x_rcc.o(.revsh_text), (4 bytes).
    Removing stm32f37x_rtc.o(.rev16_text), (4 bytes).
    Removing stm32f37x_rtc.o(.revsh_text), (4 bytes).
    Removing stm32f37x_rtc.o(.text), (2516 bytes).
    Removing stm32f37x_sdadc.o(.rev16_text), (4 bytes).
    Removing stm32f37x_sdadc.o(.revsh_text), (4 bytes).
    Removing stm32f37x_sdadc.o(.text), (652 bytes).
    Removing stm32f37x_spi.o(.rev16_text), (4 bytes).
    Removing stm32f37x_spi.o(.revsh_text), (4 bytes).
    Removing stm32f37x_spi.o(.text), (740 bytes).
    Removing stm32f37x_syscfg.o(.rev16_text), (4 bytes).
    Removing stm32f37x_syscfg.o(.revsh_text), (4 bytes).
    Removing stm32f37x_tim.o(.rev16_text), (4 bytes).
    Removing stm32f37x_tim.o(.revsh_text), (4 bytes).
    Removing stm32f37x_usart.o(.rev16_text), (4 bytes).
    Removing stm32f37x_usart.o(.revsh_text), (4 bytes).
    Removing stm32f37x_usart.o(.text), (1098 bytes).
    Removing stm32f37x_wwdg.o(.rev16_text), (4 bytes).
    Removing stm32f37x_wwdg.o(.revsh_text), (4 bytes).
    Removing stm32f37x_wwdg.o(.text), (128 bytes).

105 unused section(s) (total 18364 bytes) removed from the image.

==============================================================================

Image Symbol Table

    Local Symbols

    Symbol Name                              Value     Ov Type        Size  Object(Section)

    ../clib/../cmprslib/zerorunl2.c          0x00000000   Number         0  __dczerorl2.o ABSOLUTE
    ../clib/microlib/init/entry.s            0x00000000   Number         0  entry.o ABSOLUTE
    ../clib/microlib/init/entry.s            0x00000000   Number         0  entry8a.o ABSOLUTE
    ../clib/microlib/init/entry.s            0x00000000   Number         0  entry7b.o ABSOLUTE
    ../clib/microlib/init/entry.s            0x00000000   Number         0  entry11b.o ABSOLUTE
    ../clib/microlib/init/entry.s            0x00000000   Number         0  entry8b.o ABSOLUTE
    ../clib/microlib/init/entry.s            0x00000000   Number         0  entry11a.o ABSOLUTE
    ../clib/microlib/init/entry.s            0x00000000   Number         0  entry9a.o ABSOLUTE
    ../clib/microlib/init/entry.s            0x00000000   Number         0  entry9b.o ABSOLUTE
    ../clib/microlib/init/entry.s            0x00000000   Number         0  entry10a.o ABSOLUTE
    ../clib/microlib/init/entry.s            0x00000000   Number         0  entry10b.o ABSOLUTE
    ../clib/microlib/init/entry.s            0x00000000   Number         0  entry7a.o ABSOLUTE
    ../clib/microlib/init/entry.s            0x00000000   Number         0  entry5.o ABSOLUTE
    ../clib/microlib/init/entry.s            0x00000000   Number         0  entry2.o ABSOLUTE
    ../clib/microlib/string/memcmp.c         0x00000000   Number         0  memcmp.o ABSOLUTE
    ../clib/microlib/string/strcmp.c         0x00000000   Number         0  strcmp.o ABSOLUTE
    ../clib/microlib/string/strlen.c         0x00000000   Number         0  strlen.o ABSOLUTE
    ..\..\STM32F37x_StdPeriph_Driver\src\stm32f37x_adc.c 0x00000000   Number         0  stm32f37x_adc.o ABSOLUTE
    ..\..\STM32F37x_StdPeriph_Driver\src\stm32f37x_can.c 0x00000000   Number         0  stm32f37x_can.o ABSOLUTE
    ..\..\STM32F37x_StdPeriph_Driver\src\stm32f37x_cec.c 0x00000000   Number         0  stm32f37x_cec.o ABSOLUTE
    ..\..\STM32F37x_StdPeriph_Driver\src\stm32f37x_comp.c 0x00000000   Number         0  stm32f37x_comp.o ABSOLUTE
    ..\..\STM32F37x_StdPeriph_Driver\src\stm32f37x_crc.c 0x00000000   Number         0  stm32f37x_crc.o ABSOLUTE
    ..\..\STM32F37x_StdPeriph_Driver\src\stm32f37x_dac.c 0x00000000   Number         0  stm32f37x_dac.o ABSOLUTE
    ..\..\STM32F37x_StdPeriph_Driver\src\stm32f37x_dbgmcu.c 0x00000000   Number         0  stm32f37x_dbgmcu.o ABSOLUTE
    ..\..\STM32F37x_StdPeriph_Driver\src\stm32f37x_dma.c 0x00000000   Number         0  stm32f37x_dma.o ABSOLUTE
    ..\..\STM32F37x_StdPeriph_Driver\src\stm32f37x_exti.c 0x00000000   Number         0  stm32f37x_exti.o ABSOLUTE
    ..\..\STM32F37x_StdPeriph_Driver\src\stm32f37x_flash.c 0x00000000   Number         0  stm32f37x_flash.o ABSOLUTE
    ..\..\STM32F37x_StdPeriph_Driver\src\stm32f37x_gpio.c 0x00000000   Number         0  stm32f37x_gpio.o ABSOLUTE
    ..\..\STM32F37x_StdPeriph_Driver\src\stm32f37x_i2c.c 0x00000000   Number         0  stm32f37x_i2c.o ABSOLUTE
    ..\..\STM32F37x_StdPeriph_Driver\src\stm32f37x_iwdg.c 0x00000000   Number         0  stm32f37x_iwdg.o ABSOLUTE
    ..\..\STM32F37x_StdPeriph_Driver\src\stm32f37x_misc.c 0x00000000   Number         0  stm32f37x_misc.o ABSOLUTE
    ..\..\STM32F37x_StdPeriph_Driver\src\stm32f37x_pwr.c 0x00000000   Number         0  stm32f37x_pwr.o ABSOLUTE
    ..\..\STM32F37x_StdPeriph_Driver\src\stm32f37x_rcc.c 0x00000000   Number         0  stm32f37x_rcc.o ABSOLUTE
    ..\..\STM32F37x_StdPeriph_Driver\src\stm32f37x_rtc.c 0x00000000   Number         0  stm32f37x_rtc.o ABSOLUTE
    ..\..\STM32F37x_StdPeriph_Driver\src\stm32f37x_sdadc.c 0x00000000   Number         0  stm32f37x_sdadc.o ABSOLUTE
    ..\..\STM32F37x_StdPeriph_Driver\src\stm32f37x_spi.c 0x00000000   Number         0  stm32f37x_spi.o ABSOLUTE
    ..\..\STM32F37x_StdPeriph_Driver\src\stm32f37x_syscfg.c 0x00000000   Number         0  stm32f37x_syscfg.o ABSOLUTE
    ..\..\STM32F37x_StdPeriph_Driver\src\stm32f37x_tim.c 0x00000000   Number         0  stm32f37x_tim.o ABSOLUTE
    ..\..\STM32F37x_StdPeriph_Driver\src\stm32f37x_usart.c 0x00000000   Number         0  stm32f37x_usart.o ABSOLUTE
    ..\..\STM32F37x_StdPeriph_Driver\src\stm32f37x_wwdg.c 0x00000000   Number         0  stm32f37x_wwdg.o ABSOLUTE
    ..\..\STM32F37x_StdPeriph_Driver\startup\MDK\startup_stm32f37x.s 0x00000000   Number         0  startup_stm32f37x.o ABSOLUTE
    ..\..\src\alert.c                        0x00000000   Number         0  alert.o ABSOLUTE
    ..\..\src\arch_adc.c                     0x00000000   Number         0  arch_adc.o ABSOLUTE
    ..\..\src\arch_board.c                   0x00000000   Number         0  arch_board.o ABSOLUTE
    ..\..\src\arch_can.c                     0x00000000   Number         0  arch_can.o ABSOLUTE
    ..\..\src\arch_dac.c                     0x00000000   Number         0  arch_dac.o ABSOLUTE
    ..\..\src\arch_gpio.c                    0x00000000   Number         0  arch_gpio.o ABSOLUTE
    ..\..\src\arch_time.c                    0x00000000   Number         0  arch_time.o ABSOLUTE
    ..\..\src\arch_uart.c                    0x00000000   Number         0  arch_uart.o ABSOLUTE
    ..\..\src\eeprom.c                       0x00000000   Number         0  eeprom.o ABSOLUTE
    ..\..\src\main.c                         0x00000000   Number         0  main.o ABSOLUTE
    ..\..\src\massage.c                      0x00000000   Number         0  massage.o ABSOLUTE
    ..\..\src\shell.c                        0x00000000   Number         0  shell.o ABSOLUTE
    ..\..\src\shell_ctrl.c                   0x00000000   Number         0  shell_ctrl.o ABSOLUTE
    ..\..\src\step.c                         0x00000000   Number         0  step.o ABSOLUTE
    ..\..\src\stm32f37x_it.c                 0x00000000   Number         0  stm32f37x_it.o ABSOLUTE
    ..\..\src\system_stm32f37x.c             0x00000000   Number         0  system_stm32f37x.o ABSOLUTE
    ..\\..\\STM32F37x_StdPeriph_Driver\\src\\stm32f37x_adc.c 0x00000000   Number         0  stm32f37x_adc.o ABSOLUTE
    ..\\..\\STM32F37x_StdPeriph_Driver\\src\\stm32f37x_can.c 0x00000000   Number         0  stm32f37x_can.o ABSOLUTE
    ..\\..\\STM32F37x_StdPeriph_Driver\\src\\stm32f37x_cec.c 0x00000000   Number         0  stm32f37x_cec.o ABSOLUTE
    ..\\..\\STM32F37x_StdPeriph_Driver\\src\\stm32f37x_comp.c 0x00000000   Number         0  stm32f37x_comp.o ABSOLUTE
    ..\\..\\STM32F37x_StdPeriph_Driver\\src\\stm32f37x_crc.c 0x00000000   Number         0  stm32f37x_crc.o ABSOLUTE
    ..\\..\\STM32F37x_StdPeriph_Driver\\src\\stm32f37x_dac.c 0x00000000   Number         0  stm32f37x_dac.o ABSOLUTE
    ..\\..\\STM32F37x_StdPeriph_Driver\\src\\stm32f37x_dbgmcu.c 0x00000000   Number         0  stm32f37x_dbgmcu.o ABSOLUTE
    ..\\..\\STM32F37x_StdPeriph_Driver\\src\\stm32f37x_dma.c 0x00000000   Number         0  stm32f37x_dma.o ABSOLUTE
    ..\\..\\STM32F37x_StdPeriph_Driver\\src\\stm32f37x_exti.c 0x00000000   Number         0  stm32f37x_exti.o ABSOLUTE
    ..\\..\\STM32F37x_StdPeriph_Driver\\src\\stm32f37x_flash.c 0x00000000   Number         0  stm32f37x_flash.o ABSOLUTE
    ..\\..\\STM32F37x_StdPeriph_Driver\\src\\stm32f37x_gpio.c 0x00000000   Number         0  stm32f37x_gpio.o ABSOLUTE
    ..\\..\\STM32F37x_StdPeriph_Driver\\src\\stm32f37x_i2c.c 0x00000000   Number         0  stm32f37x_i2c.o ABSOLUTE
    ..\\..\\STM32F37x_StdPeriph_Driver\\src\\stm32f37x_iwdg.c 0x00000000   Number         0  stm32f37x_iwdg.o ABSOLUTE
    ..\\..\\STM32F37x_StdPeriph_Driver\\src\\stm32f37x_misc.c 0x00000000   Number         0  stm32f37x_misc.o ABSOLUTE
    ..\\..\\STM32F37x_StdPeriph_Driver\\src\\stm32f37x_pwr.c 0x00000000   Number         0  stm32f37x_pwr.o ABSOLUTE
    ..\\..\\STM32F37x_StdPeriph_Driver\\src\\stm32f37x_rcc.c 0x00000000   Number         0  stm32f37x_rcc.o ABSOLUTE
    ..\\..\\STM32F37x_StdPeriph_Driver\\src\\stm32f37x_rtc.c 0x00000000   Number         0  stm32f37x_rtc.o ABSOLUTE
    ..\\..\\STM32F37x_StdPeriph_Driver\\src\\stm32f37x_sdadc.c 0x00000000   Number         0  stm32f37x_sdadc.o ABSOLUTE
    ..\\..\\STM32F37x_StdPeriph_Driver\\src\\stm32f37x_spi.c 0x00000000   Number         0  stm32f37x_spi.o ABSOLUTE
    ..\\..\\STM32F37x_StdPeriph_Driver\\src\\stm32f37x_syscfg.c 0x00000000   Number         0  stm32f37x_syscfg.o ABSOLUTE
    ..\\..\\STM32F37x_StdPeriph_Driver\\src\\stm32f37x_tim.c 0x00000000   Number         0  stm32f37x_tim.o ABSOLUTE
    ..\\..\\STM32F37x_StdPeriph_Driver\\src\\stm32f37x_usart.c 0x00000000   Number         0  stm32f37x_usart.o ABSOLUTE
    ..\\..\\STM32F37x_StdPeriph_Driver\\src\\stm32f37x_wwdg.c 0x00000000   Number         0  stm32f37x_wwdg.o ABSOLUTE
    ..\\..\\src\\arch_adc.c                  0x00000000   Number         0  arch_adc.o ABSOLUTE
    ..\\..\\src\\arch_board.c                0x00000000   Number         0  arch_board.o ABSOLUTE
    ..\\..\\src\\arch_can.c                  0x00000000   Number         0  arch_can.o ABSOLUTE
    ..\\..\\src\\arch_dac.c                  0x00000000   Number         0  arch_dac.o ABSOLUTE
    ..\\..\\src\\arch_gpio.c                 0x00000000   Number         0  arch_gpio.o ABSOLUTE
    ..\\..\\src\\arch_time.c                 0x00000000   Number         0  arch_time.o ABSOLUTE
    ..\\..\\src\\arch_uart.c                 0x00000000   Number         0  arch_uart.o ABSOLUTE
    ..\\..\\src\\eeprom.c                    0x00000000   Number         0  eeprom.o ABSOLUTE
    ..\\..\\src\\main.c                      0x00000000   Number         0  main.o ABSOLUTE
    ..\\..\\src\\step.c                      0x00000000   Number         0  step.o ABSOLUTE
    ..\\..\\src\\stm32f37x_it.c              0x00000000   Number         0  stm32f37x_it.o ABSOLUTE
    ..\\..\\src\\system_stm32f37x.c          0x00000000   Number         0  system_stm32f37x.o ABSOLUTE
    dc.s                                     0x00000000   Number         0  dc.o ABSOLUTE
    handlers.s                               0x00000000   Number         0  handlers.o ABSOLUTE
    init.s                                   0x00000000   Number         0  init.o ABSOLUTE
    RESET                                    0x08007000   Section      392  startup_stm32f37x.o(RESET)
    .ARM.Collect$$$$00000000                 0x08007188   Section        0  entry.o(.ARM.Collect$$$$00000000)
    .ARM.Collect$$$$00000001                 0x08007188   Section        4  entry2.o(.ARM.Collect$$$$00000001)
    .ARM.Collect$$$$00000004                 0x0800718c   Section        4  entry5.o(.ARM.Collect$$$$00000004)
    .ARM.Collect$$$$00000008                 0x08007190   Section        0  entry7b.o(.ARM.Collect$$$$00000008)
    .ARM.Collect$$$$0000000A                 0x08007190   Section        0  entry8b.o(.ARM.Collect$$$$0000000A)
    .ARM.Collect$$$$0000000B                 0x08007190   Section        8  entry9a.o(.ARM.Collect$$$$0000000B)
    .ARM.Collect$$$$0000000D                 0x08007198   Section        0  entry10a.o(.ARM.Collect$$$$0000000D)
    .ARM.Collect$$$$0000000F                 0x08007198   Section        0  entry11a.o(.ARM.Collect$$$$0000000F)
    .ARM.Collect$$$$00002712                 0x08007198   Section        4  entry2.o(.ARM.Collect$$$$00002712)
    __lit__00000000                          0x08007198   Data           4  entry2.o(.ARM.Collect$$$$00002712)
    .text                                    0x0800719c   Section        0  main.o(.text)
    .text                                    0x08007a14   Section        0  stm32f37x_it.o(.text)
    .text                                    0x08007c14   Section        0  system_stm32f37x.o(.text)
    SetSysClock                              0x08007ccb   Thumb Code   140  system_stm32f37x.o(.text)
    .text                                    0x08007d78   Section        0  arch_adc.o(.text)
    .text                                    0x08007f3c   Section        0  arch_gpio.o(.text)
    .text                                    0x08008178   Section        0  arch_can.o(.text)
    .text                                    0x08008370   Section        0  arch_time.o(.text)
    TIMS_Config                              0x08008371   Thumb Code   488  arch_time.o(.text)
    .text                                    0x08008638   Section        0  arch_dac.o(.text)
    .text                                    0x08008750   Section        0  arch_board.o(.text)
    .text                                    0x08008d24   Section        0  alert.o(.text)
    .text                                    0x08008eb8   Section        0  step.o(.text)
    stepspeed_Q2R                            0x0800afa7   Thumb Code    10  step.o(.text)
    stepspeed_R2Q                            0x0800afb1   Thumb Code    10  step.o(.text)
    .text                                    0x0800afc0   Section        0  massage.o(.text)
    .text                                    0x0800b0ec   Section        0  eeprom.o(.text)
    EE_FindValidPage                         0x0800b0ed   Thumb Code    52  eeprom.o(.text)
    EE_VerifyPageFullWriteVariable           0x0800b121   Thumb Code    72  eeprom.o(.text)
    EE_Format                                0x0800b36b   Thumb Code    38  eeprom.o(.text)
    EE_PageTransfer                          0x0800b391   Thumb Code   134  eeprom.o(.text)
    .text                                    0x0800b428   Section       36  startup_stm32f37x.o(.text)
    $v0                                      0x0800b428   Number         0  startup_stm32f37x.o(.text)
    .text                                    0x0800b44c   Section        0  stm32f37x_adc.o(.text)
    .text                                    0x0800b74c   Section        0  stm32f37x_can.o(.text)
    CheckITStatus                            0x0800be39   Thumb Code    12  stm32f37x_can.o(.text)
    .text                                    0x0800be4c   Section        0  stm32f37x_dac.o(.text)
    .text                                    0x0800bf88   Section        0  stm32f37x_dma.o(.text)
    .text                                    0x0800c150   Section        0  stm32f37x_flash.o(.text)
    .text                                    0x0800c638   Section        0  stm32f37x_gpio.o(.text)
    .text                                    0x0800c7a8   Section        0  stm32f37x_misc.o(.text)
    .text                                    0x0800c858   Section        0  stm32f37x_rcc.o(.text)
    .text                                    0x0800cc98   Section        0  stm32f37x_syscfg.o(.text)
    .text                                    0x0800cd5c   Section        0  stm32f37x_tim.o(.text)
    TI2_Config                               0x0800d375   Thumb Code    54  stm32f37x_tim.o(.text)
    TI1_Config                               0x0800d667   Thumb Code    46  stm32f37x_tim.o(.text)
    .text                                    0x0800d694   Section       36  init.o(.text)
    .text                                    0x0800d6b8   Section        0  __dczerorl2.o(.text)
    i.__scatterload_copy                     0x0800d70e   Section       14  handlers.o(i.__scatterload_copy)
    i.__scatterload_null                     0x0800d71c   Section        2  handlers.o(i.__scatterload_null)
    i.__scatterload_zeroinit                 0x0800d71e   Section       14  handlers.o(i.__scatterload_zeroinit)
    .conststring                             0x0800d72c   Section       64  arch_adc.o(.conststring)
    .data                                    0x20000000   Section       48  main.o(.data)
    tmp                                      0x20000028   Data           4  main.o(.data)
    TimingDelay                              0x2000002c   Data           4  main.o(.data)
    .data                                    0x20000030   Section        2  stm32f37x_it.o(.data)
    .data                                    0x20000034   Section       20  system_stm32f37x.o(.data)
    .data                                    0x20000048   Section       80  arch_adc.o(.data)
    .data                                    0x20000098   Section        4  arch_can.o(.data)
    .data                                    0x2000009c   Section        2  arch_time.o(.data)
    .data                                    0x200000a0   Section       16  arch_board.o(.data)
    .data                                    0x200000b0   Section       24  alert.o(.data)
    .data                                    0x200000c8   Section      368  step.o(.data)
    .data                                    0x20000238   Section        8  massage.o(.data)
    .data                                    0x20000240   Section        2  eeprom.o(.data)
    .data                                    0x20000242   Section       36  stm32f37x_rcc.o(.data)
    ADCPrescTable                            0x20000242   Data           4  stm32f37x_rcc.o(.data)
    APBAHBPrescTable                         0x20000246   Data          16  stm32f37x_rcc.o(.data)
    SDADCPrescTable                          0x20000256   Data          16  stm32f37x_rcc.o(.data)
    .bss                                     0x20000268   Section       10  arch_adc.o(.bss)
    .bss                                     0x20000274   Section       20  arch_can.o(.bss)
    .bss                                     0x20000288   Section       40  arch_board.o(.bss)
    .bss                                     0x200002b0   Section      240  alert.o(.bss)
    .bss                                     0x200003a0   Section     1952  step.o(.bss)
    .bss                                     0x20000b40   Section      800  massage.o(.bss)
    .bss                                     0x20000e60   Section      200  eeprom.o(.bss)
    STACK                                    0x20000f28   Section     1024  startup_stm32f37x.o(STACK)
    .ARM.__AT_0x20003000                     0x20003000   Section       16  arch_board.o(.ARM.__AT_0x20003000)

    Global Symbols

    Symbol Name                              Value     Ov Type        Size  Object(Section)

    BuildAttributes$$THM_ISAv4$E$P$D$K$B$S$7EM$VFPi3$EXTD16$VFPS$VFMA$PE$A:L22UL41UL21$X:L11$S22US41US21$IEEE1$IW$USESV6$~STKCKD$USESV7$~SHL$OSPACE$EBA8$MICROLIB$REQ8$PRES8$EABIv2 0x00000000   Number         0  anon$$obj.o ABSOLUTE
    __ARM_use_no_argv                        0x00000000   Number         0  main.o ABSOLUTE
    __cpp_initialize__aeabi_                  - Undefined Weak Reference
    __cxa_finalize                            - Undefined Weak Reference
    _clock_init                               - Undefined Weak Reference
    _microlib_exit                            - Undefined Weak Reference
    __Vectors_Size                           0x00000188   Number         0  startup_stm32f37x.o ABSOLUTE
    __Vectors                                0x08007000   Data           4  startup_stm32f37x.o(RESET)
    __Vectors_End                            0x08007188   Data           0  startup_stm32f37x.o(RESET)
    __main                                   0x08007189   Thumb Code     0  entry.o(.ARM.Collect$$$$00000000)
    _main_stk                                0x08007189   Thumb Code     0  entry2.o(.ARM.Collect$$$$00000001)
    _main_scatterload                        0x0800718d   Thumb Code     0  entry5.o(.ARM.Collect$$$$00000004)
    __main_after_scatterload                 0x08007191   Thumb Code     0  entry5.o(.ARM.Collect$$$$00000004)
    _main_clock                              0x08007191   Thumb Code     0  entry7b.o(.ARM.Collect$$$$00000008)
    _main_cpp_init                           0x08007191   Thumb Code     0  entry8b.o(.ARM.Collect$$$$0000000A)
    _main_init                               0x08007191   Thumb Code     0  entry9a.o(.ARM.Collect$$$$0000000B)
    __rt_final_cpp                           0x08007199   Thumb Code     0  entry10a.o(.ARM.Collect$$$$0000000D)
    __rt_final_exit                          0x08007199   Thumb Code     0  entry11a.o(.ARM.Collect$$$$0000000F)
    Shell_Step                               0x0800719d   Thumb Code     4  main.o(.text)
    Exec_DCT_MOtor_JustRun                   0x080071a1   Thumb Code    10  main.o(.text)
    Exec_DCT_isr                             0x080071ab   Thumb Code   250  main.o(.text)
    Exec_GET_DCT_sts_old                     0x080072a5   Thumb Code    28  main.o(.text)
    Exec_GET_DCT_sts                         0x080072c1   Thumb Code    58  main.o(.text)
    Exec_SET_DCT_sts                         0x080072fb   Thumb Code   208  main.o(.text)
    Exec_GET_Moto_Zero_Width                 0x080073cb   Thumb Code    80  main.o(.text)
    Exec_SET_Moto_Zero_Width                 0x0800741b   Thumb Code    48  main.o(.text)
    Exec_Reset_step_moto_one                 0x0800744b   Thumb Code    36  main.o(.text)
    Exec_Reset_step_moto_all                 0x0800746f   Thumb Code    20  main.o(.text)
    Exec_GET_version_EX                      0x08007483   Thumb Code    68  main.o(.text)
    Exec_Set_POS_Yarn                        0x080074c7   Thumb Code    14  main.o(.text)
    Exec_Get_step_sign                       0x080074d5   Thumb Code    52  main.o(.text)
    Exec_Send_Sign_width                     0x08007509   Thumb Code    24  main.o(.text)
    Massage_Send_EMF_REBACK                  0x08007521   Thumb Code    18  main.o(.text)
    Exec_Set_Test_mode_enable                0x08007533   Thumb Code   102  main.o(.text)
    Exec_GET_DC_V                            0x08007599   Thumb Code    96  main.o(.text)
    Exec_GET_version                         0x080075f9   Thumb Code    54  main.o(.text)
    Exec_Get_Board_Type_ID                   0x0800762f   Thumb Code    42  main.o(.text)
    Command_loop                             0x08007659   Thumb Code   742  main.o(.text)
    reg_init                                 0x0800793f   Thumb Code    14  main.o(.text)
    Test_Debug                               0x0800794d   Thumb Code     2  main.o(.text)
    Init_Shell                               0x0800794f   Thumb Code     2  main.o(.text)
    Delay                                    0x08007951   Thumb Code    16  main.o(.text)
    Init_other                               0x08007961   Thumb Code    18  main.o(.text)
    Other_loop                               0x08007973   Thumb Code    28  main.o(.text)
    Shell_loop                               0x0800798f   Thumb Code     2  main.o(.text)
    Alert_loop                               0x08007991   Thumb Code     4  main.o(.text)
    main                                     0x08007995   Thumb Code    38  main.o(.text)
    TimingDelay_Decrement                    0x080079bb   Thumb Code    66  main.o(.text)
    NMI_Handler                              0x08007a15   Thumb Code     2  stm32f37x_it.o(.text)
    HardFault_Handler                        0x08007a17   Thumb Code     2  stm32f37x_it.o(.text)
    MemManage_Handler                        0x08007a19   Thumb Code     2  stm32f37x_it.o(.text)
    BusFault_Handler                         0x08007a1b   Thumb Code     2  stm32f37x_it.o(.text)
    UsageFault_Handler                       0x08007a1d   Thumb Code     2  stm32f37x_it.o(.text)
    SVC_Handler                              0x08007a1f   Thumb Code     2  stm32f37x_it.o(.text)
    DebugMon_Handler                         0x08007a21   Thumb Code     2  stm32f37x_it.o(.text)
    PendSV_Handler                           0x08007a23   Thumb Code     2  stm32f37x_it.o(.text)
    SysTick_Handler                          0x08007a25   Thumb Code     4  stm32f37x_it.o(.text)
    CAN1_RX0_IRQHandler                      0x08007a29   Thumb Code     4  stm32f37x_it.o(.text)
    CAN1_RX1_IRQHandler                      0x08007a2d   Thumb Code     2  stm32f37x_it.o(.text)
    USART1_IRQHandler                        0x08007a2f   Thumb Code     2  stm32f37x_it.o(.text)
    TIM3_IRQHandler                          0x08007a31   Thumb Code   100  stm32f37x_it.o(.text)
    TIM2_IRQHandler                          0x08007a95   Thumb Code    90  stm32f37x_it.o(.text)
    TIM12_IRQHandler                         0x08007aef   Thumb Code    36  stm32f37x_it.o(.text)
    TIM15_IRQHandler                         0x08007b13   Thumb Code    30  stm32f37x_it.o(.text)
    TIM19_IRQHandler                         0x08007b31   Thumb Code    36  stm32f37x_it.o(.text)
    TIM13_IRQHandler                         0x08007b55   Thumb Code    36  stm32f37x_it.o(.text)
    TIM14_IRQHandler                         0x08007b79   Thumb Code    56  stm32f37x_it.o(.text)
    TIM16_IRQHandler                         0x08007bb1   Thumb Code    30  stm32f37x_it.o(.text)
    TIM17_IRQHandler                         0x08007bcf   Thumb Code    30  stm32f37x_it.o(.text)
    SystemInit                               0x08007c15   Thumb Code    90  system_stm32f37x.o(.text)
    SystemCoreClockUpdate                    0x08007c6f   Thumb Code    92  system_stm32f37x.o(.text)
    ADC_config                               0x08007d79   Thumb Code   284  arch_adc.o(.text)
    arch_adc_test                            0x08007e95   Thumb Code   142  arch_adc.o(.text)
    GPIO_config                              0x08007f3d   Thumb Code   296  arch_gpio.o(.text)
    Set_stepmotor_sub                        0x08008065   Thumb Code    72  arch_gpio.o(.text)
    Triangle_is_left_Sign_ex                 0x080080ad   Thumb Code    48  arch_gpio.o(.text)
    Triangle_is_left_Sign                    0x080080dd   Thumb Code    46  arch_gpio.o(.text)
    Triangle_is_right_Sign_ex                0x0800810b   Thumb Code    46  arch_gpio.o(.text)
    Triangle_is_right_Sign                   0x08008139   Thumb Code    44  arch_gpio.o(.text)
    CAN_Config                               0x08008179   Thumb Code   236  arch_can.o(.text)
    arch_SendMassage                         0x08008265   Thumb Code   192  arch_can.o(.text)
    hook_CAN_isr                             0x08008325   Thumb Code    62  arch_can.o(.text)
    TIMER_Config                             0x08008559   Thumb Code    62  arch_time.o(.text)
    TIMER_SetCompare1                        0x08008597   Thumb Code    34  arch_time.o(.text)
    TIMER_SetCompare2                        0x080085b9   Thumb Code    34  arch_time.o(.text)
    TIMER_SetCompare3                        0x080085db   Thumb Code    34  arch_time.o(.text)
    TIMER_SetCompare4                        0x080085fd   Thumb Code    34  arch_time.o(.text)
    DAC12_Config                             0x08008639   Thumb Code   108  arch_dac.o(.text)
    DAC_Config                               0x080086a5   Thumb Code    86  arch_dac.o(.text)
    DAC_SetVoltage                           0x080086fb   Thumb Code    40  arch_dac.o(.text)
    DAC2_SetVoltage                          0x08008723   Thumb Code    40  arch_dac.o(.text)
    ReBoot                                   0x08008751   Thumb Code    24  arch_board.o(.text)
    Upgrade_Start                            0x08008769   Thumb Code    26  arch_board.o(.text)
    RCC_Configuration                        0x08008783   Thumb Code   100  arch_board.o(.text)
    arch_init                                0x080087e7   Thumb Code     2  arch_board.o(.text)
    arch_dip_input                           0x080087e9   Thumb Code    16  arch_board.o(.text)
    arch_input_check                         0x080087f9   Thumb Code   128  arch_board.o(.text)
    arch_get_zero_status                     0x08008879   Thumb Code    32  arch_board.o(.text)
    arch_input_boardid                       0x08008899   Thumb Code    14  arch_board.o(.text)
    arch_run_led_toggle                      0x080088a7   Thumb Code    12  arch_board.o(.text)
    arch_step_motro_reset                    0x080088b3   Thumb Code    26  arch_board.o(.text)
    arch_step_motro_en                       0x080088cd   Thumb Code    12  arch_board.o(.text)
    arch_get_step_sign_                      0x080088d9   Thumb Code    36  arch_board.o(.text)
    arch_stepMotor_inout_sts                 0x080088fd   Thumb Code     2  arch_board.o(.text)
    Get_doard_type_ex                        0x080088ff   Thumb Code     6  arch_board.o(.text)
    Is_Yarn_Board                            0x08008905   Thumb Code    12  arch_board.o(.text)
    arch_StepMotor_Zero_EX                   0x08008911   Thumb Code    62  arch_board.o(.text)
    arch_StepMotor_Zero                      0x0800894f   Thumb Code    60  arch_board.o(.text)
    arch_StepMotor_Half                      0x0800898b   Thumb Code   138  arch_board.o(.text)
    arch_StepMotor_Dir                       0x08008a15   Thumb Code   142  arch_board.o(.text)
    arch_check_isE487                        0x08008aa3   Thumb Code     6  arch_board.o(.text)
    arch_StepMotor_Pulse                     0x08008aa9   Thumb Code   104  arch_board.o(.text)
    arch_StepMotor_SetCompare                0x08008b11   Thumb Code   114  arch_board.o(.text)
    arch_StepMotor_Set_Speed                 0x08008b83   Thumb Code     8  arch_board.o(.text)
    arch_StepMotor_Start                     0x08008b8b   Thumb Code     4  arch_board.o(.text)
    arch_StepMotor_Active                    0x08008b8f   Thumb Code    10  arch_board.o(.text)
    arch_StepMotor_Stop                      0x08008b99   Thumb Code    82  arch_board.o(.text)
    arch_StepMotor_Init                      0x08008beb   Thumb Code    36  arch_board.o(.text)
    arch_StepMotor_Enable                    0x08008c0f   Thumb Code    14  arch_board.o(.text)
    arch_StepMotor_Disable                   0x08008c1d   Thumb Code     4  arch_board.o(.text)
    Get_board_id                             0x08008c21   Thumb Code     6  arch_board.o(.text)
    Get_doard_type                           0x08008c27   Thumb Code     6  arch_board.o(.text)
    arch_get_board_bootver                   0x08008c2d   Thumb Code     6  arch_board.o(.text)
    Init_core                                0x08008c33   Thumb Code    64  arch_board.o(.text)
    Init_hardware_first                      0x08008c73   Thumb Code    54  arch_board.o(.text)
    Init_hardware                            0x08008ca9   Thumb Code    62  arch_board.o(.text)
    Init_parameter                           0x08008ce7   Thumb Code    18  arch_board.o(.text)
    Init_output                              0x08008cf9   Thumb Code     4  arch_board.o(.text)
    alert_init                               0x08008d25   Thumb Code    20  alert.o(.text)
    alert_count                              0x08008d39   Thumb Code    18  alert.o(.text)
    alert_push                               0x08008d4b   Thumb Code    72  alert.o(.text)
    alert_pop                                0x08008d93   Thumb Code    64  alert.o(.text)
    alert_find                               0x08008dd3   Thumb Code    62  alert.o(.text)
    alert_delete                             0x08008e11   Thumb Code    40  alert.o(.text)
    Alert_Clear                              0x08008e39   Thumb Code    24  alert.o(.text)
    Alert_Poll                               0x08008e51   Thumb Code    58  alert.o(.text)
    alert_time_poll                          0x08008e8b   Thumb Code    24  alert.o(.text)
    alert_cpu_fatal                          0x08008ea3   Thumb Code     8  alert.o(.text)
    Exec_DCT_Motor_Get_runing_sts            0x08008eb9   Thumb Code    50  step.o(.text)
    Exec_DCT_Motor_Get_pos                   0x08008eeb   Thumb Code    72  step.o(.text)
    StepMotor_map_init                       0x08008f33   Thumb Code    86  step.o(.text)
    Get_motor_ID_with_stepno                 0x08008f89   Thumb Code    16  step.o(.text)
    Get_stepno_with_motorID                  0x08008f99   Thumb Code    28  step.o(.text)
    is_triangle                              0x08008fb5   Thumb Code    20  step.o(.text)
    StepMotor_Init                           0x08008fc9   Thumb Code   498  step.o(.text)
    StepMotor_Setup_Active                   0x080091bb   Thumb Code    26  step.o(.text)
    StepMotor_Setup_Active_single            0x080091d5   Thumb Code    68  step.o(.text)
    StepMotor_set_HZ_ex_start_a              0x08009219   Thumb Code     2  step.o(.text)
    StepMotor_set_HZ_ex_max                  0x0800921b   Thumb Code     2  step.o(.text)
    StepMotor_set_Remap                      0x0800921d   Thumb Code    16  step.o(.text)
    StepMotor_Setup_Direction                0x0800922d   Thumb Code    66  step.o(.text)
    StepMotor_Setup_Resolution               0x0800926f   Thumb Code   130  step.o(.text)
    stepspeed_Q2R_EX                         0x080092f1   Thumb Code     4  step.o(.text)
    Set_LostSteps_alarm                      0x080092f5   Thumb Code     6  step.o(.text)
    Set_Step_done_report                     0x080092fb   Thumb Code     6  step.o(.text)
    Stepmotor_timer_20us                     0x08009301   Thumb Code    10  step.o(.text)
    StepMotor_Set_Speed_HZ_ex                0x0800930b   Thumb Code    84  step.o(.text)
    StepMotor_Set_Reset_Speed                0x0800935f   Thumb Code    64  step.o(.text)
    StepMotor_Set_Speed                      0x0800939f   Thumb Code    46  step.o(.text)
    StepMotor_Get_Position                   0x080093cd   Thumb Code    48  step.o(.text)
    StepMotor_Get_Unfinished_Posidx          0x080093fd   Thumb Code    26  step.o(.text)
    StepMotor_Get_Busyidx                    0x08009417   Thumb Code    26  step.o(.text)
    StepMotor_Get_Busy                       0x08009431   Thumb Code    44  step.o(.text)
    StepMotor_Set_Position                   0x0800945d   Thumb Code    66  step.o(.text)
    StepMotor_test_speed                     0x0800949f   Thumb Code     4  step.o(.text)
    StepMotor_exec_justrun                   0x080094a3   Thumb Code   254  step.o(.text)
    StepMotor_Reset                          0x080095a1   Thumb Code   634  step.o(.text)
    StepMotor_exec                           0x0800981b   Thumb Code   592  step.o(.text)
    StepMotor_exec_with_check_mask           0x08009a6b   Thumb Code    84  step.o(.text)
    StepMotor_All_Reset                      0x08009abf   Thumb Code    32  step.o(.text)
    StepMotor_Reset_LeftMotor                0x08009adf   Thumb Code    18  step.o(.text)
    StepMotor_Reset_RightMotor               0x08009af1   Thumb Code    18  step.o(.text)
    step_test                                0x08009b03   Thumb Code    46  step.o(.text)
    StepMotor_Triangle_exec                  0x08009b31   Thumb Code   538  step.o(.text)
    StepMotor_Triangle_Isr                   0x08009d4b   Thumb Code  1578  step.o(.text)
    StepMotor_Isr                            0x0800a375   Thumb Code  1466  step.o(.text)
    step_isr                                 0x0800a92f   Thumb Code    34  step.o(.text)
    check_triangle_sts_CX_YJ                 0x0800a951   Thumb Code   188  step.o(.text)
    check_triangle_sts                       0x0800aa0d   Thumb Code   544  step.o(.text)
    StepMotor_Triangle_Set_Sign              0x0800ac2d   Thumb Code    66  step.o(.text)
    StepMotor_Triangle_Get_Sign              0x0800ac6f   Thumb Code   102  step.o(.text)
    StepMotor_Triangle_Set_Position          0x0800acd5   Thumb Code    36  step.o(.text)
    StepMotor_Triangle_Get_Position          0x0800acf9   Thumb Code    32  step.o(.text)
    Exec_Triangle_step                       0x0800ad19   Thumb Code   198  step.o(.text)
    StepMotor_Triangle_ResetAll              0x0800addf   Thumb Code    24  step.o(.text)
    SSI_Check                                0x0800adf7   Thumb Code     4  step.o(.text)
    StepMotor_Poll                           0x0800adfb   Thumb Code     2  step.o(.text)
    StepMotor_timer                          0x0800adfd   Thumb Code   238  step.o(.text)
    StepMotor_Feet_Setup                     0x0800aeeb   Thumb Code     2  step.o(.text)
    StepMotor_Feet_exec                      0x0800aeed   Thumb Code     2  step.o(.text)
    StepMotor_Feet_Work_Sign                 0x0800aeef   Thumb Code     4  step.o(.text)
    StepMotor_Sinker_Set_Num                 0x0800aef3   Thumb Code    14  step.o(.text)
    is_sinker                                0x0800af01   Thumb Code     4  step.o(.text)
    StepMotor_init_output                    0x0800af05   Thumb Code    76  step.o(.text)
    StepMotor_Set_Motor_Current              0x0800af51   Thumb Code    36  step.o(.text)
    StepMotor_Set_Motor_Current_EX           0x0800af75   Thumb Code    46  step.o(.text)
    Step_is_CX_5N_board                      0x0800afa3   Thumb Code     4  step.o(.text)
    Massage_Init                             0x0800afc1   Thumb Code    10  massage.o(.text)
    Massage_Count                            0x0800afcb   Thumb Code    18  massage.o(.text)
    Massage_Push                             0x0800afdd   Thumb Code   122  massage.o(.text)
    Massage_Pop                              0x0800b057   Thumb Code    48  massage.o(.text)
    Massage_Send                             0x0800b087   Thumb Code    14  massage.o(.text)
    Massage_Send_4Word                       0x0800b095   Thumb Code    18  massage.o(.text)
    Massage_Send_4Word_log                   0x0800b0a7   Thumb Code    18  massage.o(.text)
    Massage_Send_Alert                       0x0800b0b9   Thumb Code    42  massage.o(.text)
    EE_ReadVariable                          0x0800b169   Thumb Code    62  eeprom.o(.text)
    EE_Init                                  0x0800b1a7   Thumb Code   298  eeprom.o(.text)
    EE_WriteVariable                         0x0800b2d1   Thumb Code    28  eeprom.o(.text)
    EE_Read                                  0x0800b2ed   Thumb Code    64  eeprom.o(.text)
    EE_Write                                 0x0800b32d   Thumb Code    62  eeprom.o(.text)
    Reset_Handler                            0x0800b429   Thumb Code     8  startup_stm32f37x.o(.text)
    ADC1_IRQHandler                          0x0800b443   Thumb Code     0  startup_stm32f37x.o(.text)
    CAN1_SCE_IRQHandler                      0x0800b443   Thumb Code     0  startup_stm32f37x.o(.text)
    CAN1_TX_IRQHandler                       0x0800b443   Thumb Code     0  startup_stm32f37x.o(.text)
    CEC_IRQHandler                           0x0800b443   Thumb Code     0  startup_stm32f37x.o(.text)
    COMP_IRQHandler                          0x0800b443   Thumb Code     0  startup_stm32f37x.o(.text)
    DMA1_Channel1_IRQHandler                 0x0800b443   Thumb Code     0  startup_stm32f37x.o(.text)
    DMA1_Channel2_IRQHandler                 0x0800b443   Thumb Code     0  startup_stm32f37x.o(.text)
    DMA1_Channel3_IRQHandler                 0x0800b443   Thumb Code     0  startup_stm32f37x.o(.text)
    DMA1_Channel4_IRQHandler                 0x0800b443   Thumb Code     0  startup_stm32f37x.o(.text)
    DMA1_Channel5_IRQHandler                 0x0800b443   Thumb Code     0  startup_stm32f37x.o(.text)
    DMA1_Channel6_IRQHandler                 0x0800b443   Thumb Code     0  startup_stm32f37x.o(.text)
    DMA1_Channel7_IRQHandler                 0x0800b443   Thumb Code     0  startup_stm32f37x.o(.text)
    DMA2_Channel1_IRQHandler                 0x0800b443   Thumb Code     0  startup_stm32f37x.o(.text)
    DMA2_Channel2_IRQHandler                 0x0800b443   Thumb Code     0  startup_stm32f37x.o(.text)
    DMA2_Channel3_IRQHandler                 0x0800b443   Thumb Code     0  startup_stm32f37x.o(.text)
    DMA2_Channel4_IRQHandler                 0x0800b443   Thumb Code     0  startup_stm32f37x.o(.text)
    DMA2_Channel5_IRQHandler                 0x0800b443   Thumb Code     0  startup_stm32f37x.o(.text)
    EXTI0_IRQHandler                         0x0800b443   Thumb Code     0  startup_stm32f37x.o(.text)
    EXTI15_10_IRQHandler                     0x0800b443   Thumb Code     0  startup_stm32f37x.o(.text)
    EXTI1_IRQHandler                         0x0800b443   Thumb Code     0  startup_stm32f37x.o(.text)
    EXTI2_TS_IRQHandler                      0x0800b443   Thumb Code     0  startup_stm32f37x.o(.text)
    EXTI3_IRQHandler                         0x0800b443   Thumb Code     0  startup_stm32f37x.o(.text)
    EXTI4_IRQHandler                         0x0800b443   Thumb Code     0  startup_stm32f37x.o(.text)
    EXTI9_5_IRQHandler                       0x0800b443   Thumb Code     0  startup_stm32f37x.o(.text)
    FLASH_IRQHandler                         0x0800b443   Thumb Code     0  startup_stm32f37x.o(.text)
    FPU_IRQHandler                           0x0800b443   Thumb Code     0  startup_stm32f37x.o(.text)
    I2C1_ER_IRQHandler                       0x0800b443   Thumb Code     0  startup_stm32f37x.o(.text)
    I2C1_EV_IRQHandler                       0x0800b443   Thumb Code     0  startup_stm32f37x.o(.text)
    I2C2_ER_IRQHandler                       0x0800b443   Thumb Code     0  startup_stm32f37x.o(.text)
    I2C2_EV_IRQHandler                       0x0800b443   Thumb Code     0  startup_stm32f37x.o(.text)
    PVD_IRQHandler                           0x0800b443   Thumb Code     0  startup_stm32f37x.o(.text)
    RCC_IRQHandler                           0x0800b443   Thumb Code     0  startup_stm32f37x.o(.text)
    RTC_Alarm_IRQHandler                     0x0800b443   Thumb Code     0  startup_stm32f37x.o(.text)
    RTC_WKUP_IRQHandler                      0x0800b443   Thumb Code     0  startup_stm32f37x.o(.text)
    SDADC1_IRQHandler                        0x0800b443   Thumb Code     0  startup_stm32f37x.o(.text)
    SDADC2_IRQHandler                        0x0800b443   Thumb Code     0  startup_stm32f37x.o(.text)
    SDADC3_IRQHandler                        0x0800b443   Thumb Code     0  startup_stm32f37x.o(.text)
    SPI1_IRQHandler                          0x0800b443   Thumb Code     0  startup_stm32f37x.o(.text)
    SPI2_IRQHandler                          0x0800b443   Thumb Code     0  startup_stm32f37x.o(.text)
    SPI3_IRQHandler                          0x0800b443   Thumb Code     0  startup_stm32f37x.o(.text)
    TAMPER_STAMP_IRQHandler                  0x0800b443   Thumb Code     0  startup_stm32f37x.o(.text)
    TIM18_DAC2_IRQHandler                    0x0800b443   Thumb Code     0  startup_stm32f37x.o(.text)
    TIM4_IRQHandler                          0x0800b443   Thumb Code     0  startup_stm32f37x.o(.text)
    TIM5_IRQHandler                          0x0800b443   Thumb Code     0  startup_stm32f37x.o(.text)
    TIM6_DAC1_IRQHandler                     0x0800b443   Thumb Code     0  startup_stm32f37x.o(.text)
    TIM7_IRQHandler                          0x0800b443   Thumb Code     0  startup_stm32f37x.o(.text)
    USART2_IRQHandler                        0x0800b443   Thumb Code     0  startup_stm32f37x.o(.text)
    USART3_IRQHandler                        0x0800b443   Thumb Code     0  startup_stm32f37x.o(.text)
    USBWakeUp_IRQHandler                     0x0800b443   Thumb Code     0  startup_stm32f37x.o(.text)
    USB_HP_IRQHandler                        0x0800b443   Thumb Code     0  startup_stm32f37x.o(.text)
    USB_LP_IRQHandler                        0x0800b443   Thumb Code     0  startup_stm32f37x.o(.text)
    WWDG_IRQHandler                          0x0800b443   Thumb Code     0  startup_stm32f37x.o(.text)
    ADC_DeInit                               0x0800b44d   Thumb Code    24  stm32f37x_adc.o(.text)
    ADC_Init                                 0x0800b465   Thumb Code    58  stm32f37x_adc.o(.text)
    ADC_StructInit                           0x0800b49f   Thumb Code    16  stm32f37x_adc.o(.text)
    ADC_Cmd                                  0x0800b4af   Thumb Code    20  stm32f37x_adc.o(.text)
    ADC_StartCalibration                     0x0800b4c3   Thumb Code    10  stm32f37x_adc.o(.text)
    ADC_ResetCalibration                     0x0800b4cd   Thumb Code    10  stm32f37x_adc.o(.text)
    ADC_AnalogWatchdogCmd                    0x0800b4d7   Thumb Code    12  stm32f37x_adc.o(.text)
    ADC_AnalogWatchdogThresholdsConfig       0x0800b4e3   Thumb Code     6  stm32f37x_adc.o(.text)
    ADC_AnalogWatchdogSingleChannelConfig    0x0800b4e9   Thumb Code    12  stm32f37x_adc.o(.text)
    ADC_TempSensorVrefintCmd                 0x0800b4f5   Thumb Code    22  stm32f37x_adc.o(.text)
    ADC_RegularChannelConfig                 0x0800b50b   Thumb Code   116  stm32f37x_adc.o(.text)
    ADC_ExternalTrigConvCmd                  0x0800b57f   Thumb Code    20  stm32f37x_adc.o(.text)
    ADC_SoftwareStartConv                    0x0800b593   Thumb Code    10  stm32f37x_adc.o(.text)
    ADC_GetSoftwareStartConvStatus           0x0800b59d   Thumb Code    14  stm32f37x_adc.o(.text)
    ADC_ContinuousModeCmd                    0x0800b5ab   Thumb Code    20  stm32f37x_adc.o(.text)
    ADC_DiscModeChannelCountConfig           0x0800b5bf   Thumb Code    16  stm32f37x_adc.o(.text)
    ADC_DiscModeCmd                          0x0800b5cf   Thumb Code    20  stm32f37x_adc.o(.text)
    ADC_GetConversionValue                   0x0800b5e3   Thumb Code     6  stm32f37x_adc.o(.text)
    ADC_DMACmd                               0x0800b5e9   Thumb Code    20  stm32f37x_adc.o(.text)
    ADC_InjectedChannelConfig                0x0800b5fd   Thumb Code    74  stm32f37x_adc.o(.text)
    ADC_InjectedSequencerLengthConfig        0x0800b647   Thumb Code    16  stm32f37x_adc.o(.text)
    ADC_SetInjectedOffset                    0x0800b657   Thumb Code    10  stm32f37x_adc.o(.text)
    ADC_ExternalTrigInjectedConvConfig       0x0800b661   Thumb Code    12  stm32f37x_adc.o(.text)
    ADC_ExternalTrigInjectedConvCmd          0x0800b66d   Thumb Code    20  stm32f37x_adc.o(.text)
    ADC_SoftwareStartInjectedConvCmd         0x0800b681   Thumb Code    20  stm32f37x_adc.o(.text)
    ADC_GetSoftwareStartInjectedConvCmdStatus 0x0800b695   Thumb Code    14  stm32f37x_adc.o(.text)
    ADC_AutoInjectedConvCmd                  0x0800b6a3   Thumb Code    20  stm32f37x_adc.o(.text)
    ADC_InjectedDiscModeCmd                  0x0800b6b7   Thumb Code    20  stm32f37x_adc.o(.text)
    ADC_GetInjectedConversionValue           0x0800b6cb   Thumb Code    14  stm32f37x_adc.o(.text)
    ADC_ITConfig                             0x0800b6d9   Thumb Code    18  stm32f37x_adc.o(.text)
    ADC_GetFlagStatus                        0x0800b6eb   Thumb Code    14  stm32f37x_adc.o(.text)
    ADC_ClearFlag                            0x0800b6f9   Thumb Code     6  stm32f37x_adc.o(.text)
    ADC_GetITStatus                          0x0800b6ff   Thumb Code    28  stm32f37x_adc.o(.text)
    ADC_ClearITPendingBit                    0x0800b71b   Thumb Code     8  stm32f37x_adc.o(.text)
    ADC_GetCalibrationStatus                 0x0800b723   Thumb Code    14  stm32f37x_adc.o(.text)
    ADC_GetResetCalibrationStatus            0x0800b731   Thumb Code    14  stm32f37x_adc.o(.text)
    CAN_DeInit                               0x0800b74d   Thumb Code    32  stm32f37x_can.o(.text)
    CAN_Init                                 0x0800b76d   Thumb Code   232  stm32f37x_can.o(.text)
    CAN_FilterInit                           0x0800b855   Thumb Code   194  stm32f37x_can.o(.text)
    CAN_StructInit                           0x0800b917   Thumb Code    32  stm32f37x_can.o(.text)
    CAN_SlaveStartBank                       0x0800b937   Thumb Code    38  stm32f37x_can.o(.text)
    CAN_DBGFreeze                            0x0800b95d   Thumb Code    20  stm32f37x_can.o(.text)
    CAN_TTComModeCmd                         0x0800b971   Thumb Code    90  stm32f37x_can.o(.text)
    CAN_Transmit                             0x0800b9cb   Thumb Code   166  stm32f37x_can.o(.text)
    CAN_TransmitStatus                       0x0800ba71   Thumb Code    88  stm32f37x_can.o(.text)
    CAN_CancelTransmit                       0x0800bac9   Thumb Code    36  stm32f37x_can.o(.text)
    CAN_Receive                              0x0800baed   Thumb Code   176  stm32f37x_can.o(.text)
    CAN_FIFORelease                          0x0800bb9d   Thumb Code    22  stm32f37x_can.o(.text)
    CAN_MessagePending                       0x0800bbb3   Thumb Code    22  stm32f37x_can.o(.text)
    CAN_OperatingModeRequest                 0x0800bbc9   Thumb Code   140  stm32f37x_can.o(.text)
    CAN_Sleep                                0x0800bc55   Thumb Code    30  stm32f37x_can.o(.text)
    CAN_WakeUp                               0x0800bc73   Thumb Code    40  stm32f37x_can.o(.text)
    CAN_GetLastErrorCode                     0x0800bc9b   Thumb Code    10  stm32f37x_can.o(.text)
    CAN_GetReceiveErrorCounter               0x0800bca5   Thumb Code     6  stm32f37x_can.o(.text)
    CAN_GetLSBTransmitErrorCounter           0x0800bcab   Thumb Code     8  stm32f37x_can.o(.text)
    CAN_ITConfig                             0x0800bcb3   Thumb Code    16  stm32f37x_can.o(.text)
    CAN_GetFlagStatus                        0x0800bcc3   Thumb Code    52  stm32f37x_can.o(.text)
    CAN_ClearFlag                            0x0800bcf7   Thumb Code    44  stm32f37x_can.o(.text)
    CAN_GetITStatus                          0x0800bd23   Thumb Code   162  stm32f37x_can.o(.text)
    CAN_ClearITPendingBit                    0x0800bdc5   Thumb Code   116  stm32f37x_can.o(.text)
    DAC_DeInit                               0x0800be4d   Thumb Code    38  stm32f37x_dac.o(.text)
    DAC_Init                                 0x0800be73   Thumb Code    34  stm32f37x_dac.o(.text)
    DAC_StructInit                           0x0800be95   Thumb Code    12  stm32f37x_dac.o(.text)
    DAC_Cmd                                  0x0800bea1   Thumb Code    18  stm32f37x_dac.o(.text)
    DAC_SoftwareTriggerCmd                   0x0800beb3   Thumb Code    22  stm32f37x_dac.o(.text)
    DAC_DualSoftwareTriggerCmd               0x0800bec9   Thumb Code    20  stm32f37x_dac.o(.text)
    DAC_WaveGenerationCmd                    0x0800bedd   Thumb Code    16  stm32f37x_dac.o(.text)
    DAC_SetChannel1Data                      0x0800beed   Thumb Code    12  stm32f37x_dac.o(.text)
    DAC_SetChannel2Data                      0x0800bef9   Thumb Code    12  stm32f37x_dac.o(.text)
    DAC_SetDualChannelData                   0x0800bf05   Thumb Code    20  stm32f37x_dac.o(.text)
    DAC_GetDataOutputValue                   0x0800bf19   Thumb Code    16  stm32f37x_dac.o(.text)
    DAC_DMACmd                               0x0800bf29   Thumb Code    20  stm32f37x_dac.o(.text)
    DAC_ITConfig                             0x0800bf3d   Thumb Code    16  stm32f37x_dac.o(.text)
    DAC_GetFlagStatus                        0x0800bf4d   Thumb Code    16  stm32f37x_dac.o(.text)
    DAC_ClearFlag                            0x0800bf5d   Thumb Code     6  stm32f37x_dac.o(.text)
    DAC_GetITStatus                          0x0800bf63   Thumb Code    26  stm32f37x_dac.o(.text)
    DAC_ClearITPendingBit                    0x0800bf7d   Thumb Code     6  stm32f37x_dac.o(.text)
    DMA_DeInit                               0x0800bf89   Thumb Code   218  stm32f37x_dma.o(.text)
    DMA_Init                                 0x0800c063   Thumb Code    58  stm32f37x_dma.o(.text)
    DMA_StructInit                           0x0800c09d   Thumb Code    26  stm32f37x_dma.o(.text)
    DMA_Cmd                                  0x0800c0b7   Thumb Code    22  stm32f37x_dma.o(.text)
    DMA_SetCurrDataCounter                   0x0800c0cd   Thumb Code     4  stm32f37x_dma.o(.text)
    DMA_GetCurrDataCounter                   0x0800c0d1   Thumb Code     6  stm32f37x_dma.o(.text)
    DMA_ITConfig                             0x0800c0d7   Thumb Code    16  stm32f37x_dma.o(.text)
    DMA_GetFlagStatus                        0x0800c0e7   Thumb Code    28  stm32f37x_dma.o(.text)
    DMA_ClearFlag                            0x0800c103   Thumb Code    20  stm32f37x_dma.o(.text)
    DMA_GetITStatus                          0x0800c117   Thumb Code    28  stm32f37x_dma.o(.text)
    DMA_ClearITPendingBit                    0x0800c133   Thumb Code    20  stm32f37x_dma.o(.text)
    FLASH_SetLatency                         0x0800c151   Thumb Code    14  stm32f37x_flash.o(.text)
    FLASH_HalfCycleAccessCmd                 0x0800c15f   Thumb Code    22  stm32f37x_flash.o(.text)
    FLASH_PrefetchBufferCmd                  0x0800c175   Thumb Code    22  stm32f37x_flash.o(.text)
    FLASH_Unlock                             0x0800c18b   Thumb Code    18  stm32f37x_flash.o(.text)
    FLASH_Lock                               0x0800c19d   Thumb Code    12  stm32f37x_flash.o(.text)
    FLASH_GetStatus                          0x0800c1a9   Thumb Code    34  stm32f37x_flash.o(.text)
    FLASH_WaitForLastOperation               0x0800c1cb   Thumb Code    34  stm32f37x_flash.o(.text)
    FLASH_ErasePage                          0x0800c1ed   Thumb Code    54  stm32f37x_flash.o(.text)
    FLASH_EraseAllPages                      0x0800c223   Thumb Code    50  stm32f37x_flash.o(.text)
    FLASH_ProgramWord                        0x0800c255   Thumb Code    70  stm32f37x_flash.o(.text)
    FLASH_ProgramHalfWord                    0x0800c29b   Thumb Code    48  stm32f37x_flash.o(.text)
    FLASH_OB_Unlock                          0x0800c2cb   Thumb Code    18  stm32f37x_flash.o(.text)
    FLASH_OB_Lock                            0x0800c2dd   Thumb Code    12  stm32f37x_flash.o(.text)
    FLASH_OB_Launch                          0x0800c2e9   Thumb Code    12  stm32f37x_flash.o(.text)
    FLASH_OB_GetRDP                          0x0800c2f5   Thumb Code    16  stm32f37x_flash.o(.text)
    FLASH_OB_Erase                           0x0800c305   Thumb Code    94  stm32f37x_flash.o(.text)
    FLASH_OB_ProgramData                     0x0800c363   Thumb Code    52  stm32f37x_flash.o(.text)
    FLASH_OB_EnableWRP                       0x0800c397   Thumb Code   144  stm32f37x_flash.o(.text)
    FLASH_OB_RDPConfig                       0x0800c427   Thumb Code    98  stm32f37x_flash.o(.text)
    FLASH_OB_UserConfig                      0x0800c489   Thumb Code    66  stm32f37x_flash.o(.text)
    FLASH_OB_BOOTConfig                      0x0800c4cb   Thumb Code    58  stm32f37x_flash.o(.text)
    FLASH_OB_VDDAConfig                      0x0800c505   Thumb Code    76  stm32f37x_flash.o(.text)
    FLASH_OB_VDD_SD12Config                  0x0800c551   Thumb Code    56  stm32f37x_flash.o(.text)
    FLASH_OB_SRAMParityConfig                0x0800c589   Thumb Code    56  stm32f37x_flash.o(.text)
    FLASH_OB_WriteUser                       0x0800c5c1   Thumb Code    56  stm32f37x_flash.o(.text)
    FLASH_OB_GetUser                         0x0800c5f9   Thumb Code    10  stm32f37x_flash.o(.text)
    FLASH_OB_GetWRP                          0x0800c603   Thumb Code     6  stm32f37x_flash.o(.text)
    FLASH_ITConfig                           0x0800c609   Thumb Code    18  stm32f37x_flash.o(.text)
    FLASH_GetFlagStatus                      0x0800c61b   Thumb Code    16  stm32f37x_flash.o(.text)
    FLASH_ClearFlag                          0x0800c62b   Thumb Code     6  stm32f37x_flash.o(.text)
    GPIO_DeInit                              0x0800c639   Thumb Code    92  stm32f37x_gpio.o(.text)
    GPIO_Init                                0x0800c695   Thumb Code   120  stm32f37x_gpio.o(.text)
    GPIO_StructInit                          0x0800c70d   Thumb Code    20  stm32f37x_gpio.o(.text)
    GPIO_PinLockConfig                       0x0800c721   Thumb Code    24  stm32f37x_gpio.o(.text)
    GPIO_ReadInputDataBit                    0x0800c739   Thumb Code    14  stm32f37x_gpio.o(.text)
    GPIO_ReadInputData                       0x0800c747   Thumb Code     4  stm32f37x_gpio.o(.text)
    GPIO_ReadOutputDataBit                   0x0800c74b   Thumb Code    14  stm32f37x_gpio.o(.text)
    GPIO_ReadOutputData                      0x0800c759   Thumb Code     4  stm32f37x_gpio.o(.text)
    GPIO_SetBits                             0x0800c75d   Thumb Code     4  stm32f37x_gpio.o(.text)
    GPIO_ResetBits                           0x0800c761   Thumb Code     4  stm32f37x_gpio.o(.text)
    GPIO_WriteBit                            0x0800c765   Thumb Code    10  stm32f37x_gpio.o(.text)
    GPIO_Write                               0x0800c76f   Thumb Code     4  stm32f37x_gpio.o(.text)
    GPIO_PinAFConfig                         0x0800c773   Thumb Code    32  stm32f37x_gpio.o(.text)
    NVIC_PriorityGroupConfig                 0x0800c7a9   Thumb Code    10  stm32f37x_misc.o(.text)
    NVIC_Init                                0x0800c7b3   Thumb Code    94  stm32f37x_misc.o(.text)
    NVIC_SetVectorTable                      0x0800c811   Thumb Code    14  stm32f37x_misc.o(.text)
    NVIC_SystemLPConfig                      0x0800c81f   Thumb Code    20  stm32f37x_misc.o(.text)
    SysTick_CLKSourceConfig                  0x0800c833   Thumb Code    24  stm32f37x_misc.o(.text)
    RCC_DeInit                               0x0800c859   Thumb Code    64  stm32f37x_rcc.o(.text)
    RCC_HSEConfig                            0x0800c899   Thumb Code    10  stm32f37x_rcc.o(.text)
    RCC_GetFlagStatus                        0x0800c8a3   Thumb Code    40  stm32f37x_rcc.o(.text)
    RCC_WaitForHSEStartUp                    0x0800c8cb   Thumb Code    44  stm32f37x_rcc.o(.text)
    RCC_AdjustHSICalibrationValue            0x0800c8f7   Thumb Code    16  stm32f37x_rcc.o(.text)
    RCC_HSICmd                               0x0800c907   Thumb Code     6  stm32f37x_rcc.o(.text)
    RCC_LSEConfig                            0x0800c90d   Thumb Code    26  stm32f37x_rcc.o(.text)
    RCC_LSEDriveConfig                       0x0800c927   Thumb Code    18  stm32f37x_rcc.o(.text)
    RCC_LSICmd                               0x0800c939   Thumb Code     6  stm32f37x_rcc.o(.text)
    RCC_PLLConfig                            0x0800c93f   Thumb Code    20  stm32f37x_rcc.o(.text)
    RCC_PLLCmd                               0x0800c953   Thumb Code     6  stm32f37x_rcc.o(.text)
    RCC_PREDIV1Config                        0x0800c959   Thumb Code    14  stm32f37x_rcc.o(.text)
    RCC_ClockSecuritySystemCmd               0x0800c967   Thumb Code     6  stm32f37x_rcc.o(.text)
    RCC_MCOConfig                            0x0800c96d   Thumb Code     6  stm32f37x_rcc.o(.text)
    RCC_SYSCLKConfig                         0x0800c973   Thumb Code    14  stm32f37x_rcc.o(.text)
    RCC_GetSYSCLKSource                      0x0800c981   Thumb Code    10  stm32f37x_rcc.o(.text)
    RCC_HCLKConfig                           0x0800c98b   Thumb Code    14  stm32f37x_rcc.o(.text)
    RCC_PCLK1Config                          0x0800c999   Thumb Code    14  stm32f37x_rcc.o(.text)
    RCC_PCLK2Config                          0x0800c9a7   Thumb Code    16  stm32f37x_rcc.o(.text)
    RCC_ADCCLKConfig                         0x0800c9b7   Thumb Code    18  stm32f37x_rcc.o(.text)
    RCC_SDADCCLKConfig                       0x0800c9c9   Thumb Code    18  stm32f37x_rcc.o(.text)
    RCC_CECCLKConfig                         0x0800c9db   Thumb Code    18  stm32f37x_rcc.o(.text)
    RCC_I2CCLKConfig                         0x0800c9ed   Thumb Code    28  stm32f37x_rcc.o(.text)
    RCC_USARTCLKConfig                       0x0800ca09   Thumb Code    50  stm32f37x_rcc.o(.text)
    RCC_USBCLKConfig                         0x0800ca3b   Thumb Code     8  stm32f37x_rcc.o(.text)
    RCC_GetClocksFreq                        0x0800ca43   Thumb Code   374  stm32f37x_rcc.o(.text)
    RCC_RTCCLKConfig                         0x0800cbb9   Thumb Code    10  stm32f37x_rcc.o(.text)
    RCC_RTCCLKCmd                            0x0800cbc3   Thumb Code     8  stm32f37x_rcc.o(.text)
    RCC_BackupResetCmd                       0x0800cbcb   Thumb Code     8  stm32f37x_rcc.o(.text)
    RCC_AHBPeriphClockCmd                    0x0800cbd3   Thumb Code    18  stm32f37x_rcc.o(.text)
    RCC_APB2PeriphClockCmd                   0x0800cbe5   Thumb Code    18  stm32f37x_rcc.o(.text)
    RCC_APB1PeriphClockCmd                   0x0800cbf7   Thumb Code    18  stm32f37x_rcc.o(.text)
    RCC_AHBPeriphResetCmd                    0x0800cc09   Thumb Code    18  stm32f37x_rcc.o(.text)
    RCC_APB2PeriphResetCmd                   0x0800cc1b   Thumb Code    18  stm32f37x_rcc.o(.text)
    RCC_APB1PeriphResetCmd                   0x0800cc2d   Thumb Code    50  stm32f37x_rcc.o(.text)
    RCC_ITConfig                             0x0800cc5f   Thumb Code    18  stm32f37x_rcc.o(.text)
    RCC_ClearFlag                            0x0800cc71   Thumb Code    12  stm32f37x_rcc.o(.text)
    RCC_GetITStatus                          0x0800cc7d   Thumb Code    16  stm32f37x_rcc.o(.text)
    RCC_ClearITPendingBit                    0x0800cc8d   Thumb Code     6  stm32f37x_rcc.o(.text)
    SYSCFG_DeInit                            0x0800cc99   Thumb Code    32  stm32f37x_syscfg.o(.text)
    SYSCFG_MemoryRemapConfig                 0x0800ccb9   Thumb Code    14  stm32f37x_syscfg.o(.text)
    SYSCFG_DMAChannelRemapConfig             0x0800ccc7   Thumb Code    18  stm32f37x_syscfg.o(.text)
    SYSCFG_I2CFastModePlusConfig             0x0800ccd9   Thumb Code    18  stm32f37x_syscfg.o(.text)
    SYSCFG_VBATMonitoringCmd                 0x0800cceb   Thumb Code    22  stm32f37x_syscfg.o(.text)
    SYSCFG_ITConfig                          0x0800cd01   Thumb Code    18  stm32f37x_syscfg.o(.text)
    SYSCFG_EXTILineConfig                    0x0800cd13   Thumb Code    34  stm32f37x_syscfg.o(.text)
    SYSCFG_BreakConfig                       0x0800cd35   Thumb Code    10  stm32f37x_syscfg.o(.text)
    SYSCFG_GetFlagStatus                     0x0800cd3f   Thumb Code    14  stm32f37x_syscfg.o(.text)
    SYSCFG_ClearFlag                         0x0800cd4d   Thumb Code    10  stm32f37x_syscfg.o(.text)
    TIM_DeInit                               0x0800cd5d   Thumb Code   268  stm32f37x_tim.o(.text)
    TIM_TimeBaseInit                         0x0800ce69   Thumb Code   104  stm32f37x_tim.o(.text)
    TIM_TimeBaseStructInit                   0x0800ced1   Thumb Code    18  stm32f37x_tim.o(.text)
    TIM_PrescalerConfig                      0x0800cee3   Thumb Code     6  stm32f37x_tim.o(.text)
    TIM_CounterModeConfig                    0x0800cee9   Thumb Code    12  stm32f37x_tim.o(.text)
    TIM_SetCounter                           0x0800cef5   Thumb Code     4  stm32f37x_tim.o(.text)
    TIM_SetAutoreload                        0x0800cef9   Thumb Code     4  stm32f37x_tim.o(.text)
    TIM_GetCounter                           0x0800cefd   Thumb Code     4  stm32f37x_tim.o(.text)
    TIM_GetPrescaler                         0x0800cf01   Thumb Code     4  stm32f37x_tim.o(.text)
    TIM_UpdateDisableConfig                  0x0800cf05   Thumb Code    20  stm32f37x_tim.o(.text)
    TIM_UpdateRequestConfig                  0x0800cf19   Thumb Code    20  stm32f37x_tim.o(.text)
    TIM_ARRPreloadConfig                     0x0800cf2d   Thumb Code    20  stm32f37x_tim.o(.text)
    TIM_SelectOnePulseMode                   0x0800cf41   Thumb Code    16  stm32f37x_tim.o(.text)
    TIM_SetClockDivision                     0x0800cf51   Thumb Code    16  stm32f37x_tim.o(.text)
    TIM_Cmd                                  0x0800cf61   Thumb Code    20  stm32f37x_tim.o(.text)
    TIM_BDTRConfig                           0x0800cf75   Thumb Code    38  stm32f37x_tim.o(.text)
    TIM_BDTRStructInit                       0x0800cf9b   Thumb Code    18  stm32f37x_tim.o(.text)
    TIM_CtrlPWMOutputs                       0x0800cfad   Thumb Code    22  stm32f37x_tim.o(.text)
    TIM_OC1Init                              0x0800cfc3   Thumb Code    94  stm32f37x_tim.o(.text)
    TIM_OC2Init                              0x0800d021   Thumb Code    64  stm32f37x_tim.o(.text)
    TIM_OC3Init                              0x0800d061   Thumb Code    60  stm32f37x_tim.o(.text)
    TIM_OC4Init                              0x0800d09d   Thumb Code    64  stm32f37x_tim.o(.text)
    TIM_OCStructInit                         0x0800d0dd   Thumb Code    20  stm32f37x_tim.o(.text)
    TIM_SelectOCxM                           0x0800d0f1   Thumb Code    70  stm32f37x_tim.o(.text)
    TIM_SetCompare1                          0x0800d137   Thumb Code     4  stm32f37x_tim.o(.text)
    TIM_SetCompare2                          0x0800d13b   Thumb Code     4  stm32f37x_tim.o(.text)
    TIM_SetCompare3                          0x0800d13f   Thumb Code    58  stm32f37x_tim.o(.text)
    TIM_SetCompare4                          0x0800d179   Thumb Code     4  stm32f37x_tim.o(.text)
    TIM_ForcedOC1Config                      0x0800d17d   Thumb Code    12  stm32f37x_tim.o(.text)
    TIM_ForcedOC2Config                      0x0800d189   Thumb Code    20  stm32f37x_tim.o(.text)
    TIM_ForcedOC3Config                      0x0800d19d   Thumb Code    12  stm32f37x_tim.o(.text)
    TIM_ForcedOC4Config                      0x0800d1a9   Thumb Code    20  stm32f37x_tim.o(.text)
    TIM_CCPreloadControl                     0x0800d1bd   Thumb Code    20  stm32f37x_tim.o(.text)
    TIM_OC1PreloadConfig                     0x0800d1d1   Thumb Code    12  stm32f37x_tim.o(.text)
    TIM_OC2PreloadConfig                     0x0800d1dd   Thumb Code    20  stm32f37x_tim.o(.text)
    TIM_OC3PreloadConfig                     0x0800d1f1   Thumb Code    12  stm32f37x_tim.o(.text)
    TIM_OC4PreloadConfig                     0x0800d1fd   Thumb Code    20  stm32f37x_tim.o(.text)
    TIM_OC1FastConfig                        0x0800d211   Thumb Code    12  stm32f37x_tim.o(.text)
    TIM_OC2FastConfig                        0x0800d21d   Thumb Code    20  stm32f37x_tim.o(.text)
    TIM_OC3FastConfig                        0x0800d231   Thumb Code    12  stm32f37x_tim.o(.text)
    TIM_OC4FastConfig                        0x0800d23d   Thumb Code    20  stm32f37x_tim.o(.text)
    TIM_ClearOC1Ref                          0x0800d251   Thumb Code    12  stm32f37x_tim.o(.text)
    TIM_ClearOC2Ref                          0x0800d25d   Thumb Code    20  stm32f37x_tim.o(.text)
    TIM_ClearOC3Ref                          0x0800d271   Thumb Code    12  stm32f37x_tim.o(.text)
    TIM_ClearOC4Ref                          0x0800d27d   Thumb Code    20  stm32f37x_tim.o(.text)
    TIM_OC1PolarityConfig                    0x0800d291   Thumb Code    12  stm32f37x_tim.o(.text)
    TIM_OC1NPolarityConfig                   0x0800d29d   Thumb Code    12  stm32f37x_tim.o(.text)
    TIM_OC2PolarityConfig                    0x0800d2a9   Thumb Code    20  stm32f37x_tim.o(.text)
    TIM_OC3PolarityConfig                    0x0800d2bd   Thumb Code    20  stm32f37x_tim.o(.text)
    TIM_OC4PolarityConfig                    0x0800d2d1   Thumb Code    20  stm32f37x_tim.o(.text)
    TIM_SelectOCREFClear                     0x0800d2e5   Thumb Code    16  stm32f37x_tim.o(.text)
    TIM_CCxCmd                               0x0800d2f5   Thumb Code    22  stm32f37x_tim.o(.text)
    TIM_CCxNCmd                              0x0800d30b   Thumb Code    22  stm32f37x_tim.o(.text)
    TIM_SelectCOM                            0x0800d321   Thumb Code    20  stm32f37x_tim.o(.text)
    TIM_SetIC4Prescaler                      0x0800d335   Thumb Code    24  stm32f37x_tim.o(.text)
    TIM_SetIC3Prescaler                      0x0800d34d   Thumb Code    16  stm32f37x_tim.o(.text)
    TIM_SetIC2Prescaler                      0x0800d35d   Thumb Code    24  stm32f37x_tim.o(.text)
    TIM_SetIC1Prescaler                      0x0800d3ab   Thumb Code    16  stm32f37x_tim.o(.text)
    TIM_ICInit                               0x0800d3bb   Thumb Code   164  stm32f37x_tim.o(.text)
    TIM_ICStructInit                         0x0800d45f   Thumb Code    16  stm32f37x_tim.o(.text)
    TIM_PWMIConfig                           0x0800d46f   Thumb Code   104  stm32f37x_tim.o(.text)
    TIM_GetCapture1                          0x0800d4d7   Thumb Code     4  stm32f37x_tim.o(.text)
    TIM_GetCapture2                          0x0800d4db   Thumb Code     4  stm32f37x_tim.o(.text)
    TIM_GetCapture3                          0x0800d4df   Thumb Code     4  stm32f37x_tim.o(.text)
    TIM_GetCapture4                          0x0800d4e3   Thumb Code     4  stm32f37x_tim.o(.text)
    TIM_ITConfig                             0x0800d4e7   Thumb Code    16  stm32f37x_tim.o(.text)
    TIM_GenerateEvent                        0x0800d4f7   Thumb Code     4  stm32f37x_tim.o(.text)
    TIM_GetFlagStatus                        0x0800d4fb   Thumb Code    14  stm32f37x_tim.o(.text)
    TIM_ClearFlag                            0x0800d509   Thumb Code     6  stm32f37x_tim.o(.text)
    TIM_GetITStatus                          0x0800d50f   Thumb Code    24  stm32f37x_tim.o(.text)
    TIM_ClearITPendingBit                    0x0800d527   Thumb Code     6  stm32f37x_tim.o(.text)
    TIM_DMAConfig                            0x0800d52d   Thumb Code     8  stm32f37x_tim.o(.text)
    TIM_DMACmd                               0x0800d535   Thumb Code    16  stm32f37x_tim.o(.text)
    TIM_SelectCCDMA                          0x0800d545   Thumb Code    20  stm32f37x_tim.o(.text)
    TIM_InternalClockConfig                  0x0800d559   Thumb Code    10  stm32f37x_tim.o(.text)
    TIM_SelectInputTrigger                   0x0800d563   Thumb Code    12  stm32f37x_tim.o(.text)
    TIM_ITRxExternalClockConfig              0x0800d56f   Thumb Code    18  stm32f37x_tim.o(.text)
    TIM_TIxExternalClockConfig               0x0800d581   Thumb Code    46  stm32f37x_tim.o(.text)
    TIM_ETRConfig                            0x0800d5af   Thumb Code    24  stm32f37x_tim.o(.text)
    TIM_ETRClockMode1Config                  0x0800d5c7   Thumb Code    18  stm32f37x_tim.o(.text)
    TIM_ETRClockMode2Config                  0x0800d5d9   Thumb Code    18  stm32f37x_tim.o(.text)
    TIM_SelectOutputTrigger                  0x0800d5eb   Thumb Code    16  stm32f37x_tim.o(.text)
    TIM_SelectSlaveMode                      0x0800d5fb   Thumb Code    16  stm32f37x_tim.o(.text)
    TIM_SelectMasterSlaveMode                0x0800d60b   Thumb Code    16  stm32f37x_tim.o(.text)
    TIM_EncoderInterfaceConfig               0x0800d61b   Thumb Code    50  stm32f37x_tim.o(.text)
    TIM_SelectHallSensor                     0x0800d64d   Thumb Code    20  stm32f37x_tim.o(.text)
    TIM_RemapConfig                          0x0800d661   Thumb Code     6  stm32f37x_tim.o(.text)
    __scatterload                            0x0800d695   Thumb Code    28  init.o(.text)
    __scatterload_rt2                        0x0800d695   Thumb Code     0  init.o(.text)
    __decompress                             0x0800d6b9   Thumb Code     0  __dczerorl2.o(.text)
    __decompress1                            0x0800d6b9   Thumb Code    86  __dczerorl2.o(.text)
    __scatterload_copy                       0x0800d70f   Thumb Code    14  handlers.o(i.__scatterload_copy)
    __scatterload_null                       0x0800d71d   Thumb Code     2  handlers.o(i.__scatterload_null)
    __scatterload_zeroinit                   0x0800d71f   Thumb Code    14  handlers.o(i.__scatterload_zeroinit)
    Region$$Table$$Base                      0x0800d76c   Number         0  anon$$obj.o(Region$$Table)
    Region$$Table$$Limit                     0x0800d78c   Number         0  anon$$obj.o(Region$$Table)
    dct_stus                                 0x20000000   Data           2  main.o(.data)
    DC24                                     0x20000004   Data           4  main.o(.data)
    DC12                                     0x20000008   Data           4  main.o(.data)
    Main_sysisok                             0x2000000c   Data           4  main.o(.data)
    EMF_Operate_firstcmd                     0x20000010   Data           4  main.o(.data)
    EMF_Operate_firstcmd_timer               0x20000014   Data           4  main.o(.data)
    EMF_Operate_Reback                       0x20000018   Data           4  main.o(.data)
    POS_Yarn_DO                              0x2000001c   Data           4  main.o(.data)
    Triangle_mode                            0x20000020   Data           4  main.o(.data)
    run_led_ticks                            0x20000024   Data           4  main.o(.data)
    capture                                  0x20000030   Data           2  stm32f37x_it.o(.data)
    SystemCoreClock                          0x20000034   Data           4  system_stm32f37x.o(.data)
    AHBPrescTable                            0x20000038   Data          16  system_stm32f37x.o(.data)
    adcdev                                   0x20000048   Data          80  arch_adc.o(.data)
    can_receive_count                        0x20000098   Data           4  arch_can.o(.data)
    CCR1_Val                                 0x2000009c   Data           2  arch_time.o(.data)
    board_id                                 0x200000a0   Data           2  arch_board.o(.data)
    board_type                               0x200000a2   Data           2  arch_board.o(.data)
    board_type_ex                            0x200000a4   Data           2  arch_board.o(.data)
    Board_isE487                             0x200000a8   Data           4  arch_board.o(.data)
    BootVer_d                                0x200000ac   Data           4  arch_board.o(.data)
    alert_rptr                               0x200000b0   Data           4  alert.o(.data)
    alert_wptr                               0x200000b4   Data           4  alert.o(.data)
    alertcode                                0x200000b8   Data           4  alert.o(.data)
    alertarg                                 0x200000bc   Data           4  alert.o(.data)
    alert_delay                              0x200000c0   Data           4  alert.o(.data)
    alert_disable                            0x200000c4   Data           4  alert.o(.data)
    stepRunOK_return                         0x200000c8   Data           1  step.o(.data)
    Steps_Done_report_sts                    0x200000ca   Data           2  step.o(.data)
    step_support_max_count                   0x200000cc   Data           4  step.o(.data)
    vary_step_enable                         0x200000d0   Data           4  step.o(.data)
    a                                        0x200000d4   Data           4  step.o(.data)
    val_num                                  0x200000d8   Data           4  step.o(.data)
    com_val                                  0x200000dc   Data           4  step.o(.data)
    cla_val                                  0x200000e0   Data           4  step.o(.data)
    step_run_mode                            0x200000e4   Data           4  step.o(.data)
    step_timer_cnt                           0x200000e8   Data           4  step.o(.data)
    step_base_speed                          0x200000ec   Data           4  step.o(.data)
    step_active                              0x200000f0   Data           4  step.o(.data)
    step_poweron                             0x200000f4   Data           4  step.o(.data)
    step_direction                           0x200000f8   Data           4  step.o(.data)
    step_resolution                          0x200000fc   Data           4  step.o(.data)
    step_fast_mode                           0x20000100   Data           4  step.o(.data)
    step_interval                            0x20000104   Data           4  step.o(.data)
    Steps_lost_alarm                         0x20000108   Data           4  step.o(.data)
    feet_enable                              0x2000010c   Data           4  step.o(.data)
    step_zero_adj                            0x20000110   Data           4  step.o(.data)
    step_zero_detect                         0x20000114   Data           4  step.o(.data)
    step_alert_detect_setup                  0x20000118   Data           4  step.o(.data)
    sinker_zero_area                         0x2000011c   Data           4  step.o(.data)
    max_triangle_num                         0x20000120   Data           4  step.o(.data)
    max_sinker_num                           0x20000124   Data           4  step.o(.data)
    step_reset_speed                         0x20000128   Data           8  step.o(.data)
    step_max_speed                           0x20000130   Data           8  step.o(.data)
    Step_pulse                               0x20000138   Data         100  step.o(.data)
    Step_pulse_triangle                      0x2000019c   Data          92  step.o(.data)
    Triangle_Step_no_map                     0x200001f8   Data          32  step.o(.data)
    Triangle_work_sign_index_map             0x20000218   Data          32  step.o(.data)
    msg_rptr                                 0x20000238   Data           4  massage.o(.data)
    msg_wptr                                 0x2000023c   Data           4  massage.o(.data)
    DataVar                                  0x20000240   Data           2  eeprom.o(.data)
    RegularConvData_Tab                      0x20000268   Data          10  arch_adc.o(.bss)
    RxMessage                                0x20000274   Data          20  arch_can.o(.bss)
    step_speed                               0x20000288   Data          40  arch_board.o(.bss)
    alertbuff                                0x200002b0   Data         240  alert.o(.bss)
    STEPMOTOR                                0x200003a0   Data        1824  step.o(.bss)
    step_reset_delay_time                    0x20000ac0   Data          32  step.o(.bss)
    Triangle_sts                             0x20000ae0   Data          32  step.o(.bss)
    Triangle_sts_reg                         0x20000b00   Data          32  step.o(.bss)
    triangle_err_count                       0x20000b20   Data          32  step.o(.bss)
    MsgBuff                                  0x20000b40   Data         800  massage.o(.bss)
    VirtAddVarTab                            0x20000e60   Data         200  eeprom.o(.bss)
    __initial_sp                             0x20001328   Data           0  startup_stm32f37x.o(STACK)
    BootVer                                  0x20003000   Data          16  arch_board.o(.ARM.__AT_0x20003000)



==============================================================================

Memory Map of the image

  Image Entry point : 0x08007189

  Load Region LR_IROM1 (Base: 0x08007000, Size: 0x000069f4, Max: 0x00009000, ABSOLUTE, COMPRESSED[0x00006864])

    Execution Region ER_IROM1 (Exec base: 0x08007000, Load base: 0x08007000, Size: 0x0000678c, Max: 0x00009000, ABSOLUTE)

    Exec Addr    Load Addr    Size         Type   Attr      Idx    E Section Name        Object

    0x08007000   0x08007000   0x00000188   Data   RO          629    RESET               startup_stm32f37x.o
    0x08007188   0x08007188   0x00000000   Code   RO         1099  * .ARM.Collect$$$$00000000  mc_w.l(entry.o)
    0x08007188   0x08007188   0x00000004   Code   RO         1108    .ARM.Collect$$$$00000001  mc_w.l(entry2.o)
    0x0800718c   0x0800718c   0x00000004   Code   RO         1111    .ARM.Collect$$$$00000004  mc_w.l(entry5.o)
    0x08007190   0x08007190   0x00000000   Code   RO         1113    .ARM.Collect$$$$00000008  mc_w.l(entry7b.o)
    0x08007190   0x08007190   0x00000000   Code   RO         1115    .ARM.Collect$$$$0000000A  mc_w.l(entry8b.o)
    0x08007190   0x08007190   0x00000008   Code   RO         1116    .ARM.Collect$$$$0000000B  mc_w.l(entry9a.o)
    0x08007198   0x08007198   0x00000000   Code   RO         1118    .ARM.Collect$$$$0000000D  mc_w.l(entry10a.o)
    0x08007198   0x08007198   0x00000000   Code   RO         1120    .ARM.Collect$$$$0000000F  mc_w.l(entry11a.o)
    0x08007198   0x08007198   0x00000004   Code   RO         1109    .ARM.Collect$$$$00002712  mc_w.l(entry2.o)
    0x0800719c   0x0800719c   0x00000878   Code   RO            3    .text               main.o
    0x08007a14   0x08007a14   0x00000200   Code   RO          143    .text               stm32f37x_it.o
    0x08007c14   0x08007c14   0x00000164   Code   RO          262    .text               system_stm32f37x.o
    0x08007d78   0x08007d78   0x000001c4   Code   RO          288    .text               arch_adc.o
    0x08007f3c   0x08007f3c   0x0000023c   Code   RO          326    .text               arch_gpio.o
    0x08008178   0x08008178   0x000001f8   Code   RO          346    .text               arch_can.o
    0x08008370   0x08008370   0x000002c8   Code   RO          396    .text               arch_time.o
    0x08008638   0x08008638   0x00000118   Code   RO          426    .text               arch_dac.o
    0x08008750   0x08008750   0x000005d4   Code   RO          446    .text               arch_board.o
    0x08008d24   0x08008d24   0x00000194   Code   RO          517    .text               alert.o
    0x08008eb8   0x08008eb8   0x00002108   Code   RO          542    .text               step.o
    0x0800afc0   0x0800afc0   0x0000012c   Code   RO          579    .text               massage.o
    0x0800b0ec   0x0800b0ec   0x0000033c   Code   RO          601    .text               eeprom.o
    0x0800b428   0x0800b428   0x00000024   Code   RO          630    .text               startup_stm32f37x.o
    0x0800b44c   0x0800b44c   0x00000300   Code   RO          636    .text               stm32f37x_adc.o
    0x0800b74c   0x0800b74c   0x00000700   Code   RO          656    .text               stm32f37x_can.o
    0x0800be4c   0x0800be4c   0x0000013c   Code   RO          736    .text               stm32f37x_dac.o
    0x0800bf88   0x0800bf88   0x000001c8   Code   RO          776    .text               stm32f37x_dma.o
    0x0800c150   0x0800c150   0x000004e8   Code   RO          816    .text               stm32f37x_flash.o
    0x0800c638   0x0800c638   0x00000170   Code   RO          837    .text               stm32f37x_gpio.o
    0x0800c7a8   0x0800c7a8   0x000000b0   Code   RO          897    .text               stm32f37x_misc.o
    0x0800c858   0x0800c858   0x00000440   Code   RO          937    .text               stm32f37x_rcc.o
    0x0800cc98   0x0800cc98   0x000000c4   Code   RO         1020    .text               stm32f37x_syscfg.o
    0x0800cd5c   0x0800cd5c   0x00000938   Code   RO         1040    .text               stm32f37x_tim.o
    0x0800d694   0x0800d694   0x00000024   Code   RO         1122    .text               mc_w.l(init.o)
    0x0800d6b8   0x0800d6b8   0x00000056   Code   RO         1132    .text               mc_w.l(__dczerorl2.o)
    0x0800d70e   0x0800d70e   0x0000000e   Code   RO         1126    i.__scatterload_copy  mc_w.l(handlers.o)
    0x0800d71c   0x0800d71c   0x00000002   Code   RO         1127    i.__scatterload_null  mc_w.l(handlers.o)
    0x0800d71e   0x0800d71e   0x0000000e   Code   RO         1128    i.__scatterload_zeroinit  mc_w.l(handlers.o)
    0x0800d72c   0x0800d72c   0x00000040   Data   RO          290    .conststring        arch_adc.o
    0x0800d76c   0x0800d76c   0x00000020   Data   RO         1124    Region$$Table       anon$$obj.o


    Execution Region RW_IRAM1 (Exec base: 0x20000000, Load base: 0x0800d78c, Size: 0x00001328, Max: 0x00003000, ABSOLUTE, COMPRESSED[0x000000d8])

    Exec Addr    Load Addr    Size         Type   Attr      Idx    E Section Name        Object

    0x20000000   COMPRESSED   0x00000030   Data   RW            5    .data               main.o
    0x20000030   COMPRESSED   0x00000002   Data   RW          144    .data               stm32f37x_it.o
    0x20000032   COMPRESSED   0x00000002   PAD
    0x20000034   COMPRESSED   0x00000014   Data   RW          263    .data               system_stm32f37x.o
    0x20000048   COMPRESSED   0x00000050   Data   RW          291    .data               arch_adc.o
    0x20000098   COMPRESSED   0x00000004   Data   RW          348    .data               arch_can.o
    0x2000009c   COMPRESSED   0x00000002   Data   RW          397    .data               arch_time.o
    0x2000009e   COMPRESSED   0x00000002   PAD
    0x200000a0   COMPRESSED   0x00000010   Data   RW          449    .data               arch_board.o
    0x200000b0   COMPRESSED   0x00000018   Data   RW          519    .data               alert.o
    0x200000c8   COMPRESSED   0x00000170   Data   RW          544    .data               step.o
    0x20000238   COMPRESSED   0x00000008   Data   RW          581    .data               massage.o
    0x20000240   COMPRESSED   0x00000002   Data   RW          603    .data               eeprom.o
    0x20000242   COMPRESSED   0x00000024   Data   RW          938    .data               stm32f37x_rcc.o
    0x20000266   COMPRESSED   0x00000002   PAD
    0x20000268        -       0x0000000a   Zero   RW          289    .bss                arch_adc.o
    0x20000272   COMPRESSED   0x00000002   PAD
    0x20000274        -       0x00000014   Zero   RW          347    .bss                arch_can.o
    0x20000288        -       0x00000028   Zero   RW          448    .bss                arch_board.o
    0x200002b0        -       0x000000f0   Zero   RW          518    .bss                alert.o
    0x200003a0        -       0x000007a0   Zero   RW          543    .bss                step.o
    0x20000b40        -       0x00000320   Zero   RW          580    .bss                massage.o
    0x20000e60        -       0x000000c8   Zero   RW          602    .bss                eeprom.o
    0x20000f28        -       0x00000400   Zero   RW          627    STACK               startup_stm32f37x.o


    Execution Region RW_IRAM2 (Exec base: 0x20003000, Load base: 0x0800d864, Size: 0x00000010, Max: 0x00001000, ABSOLUTE, UNINIT)

    Exec Addr    Load Addr    Size         Type   Attr      Idx    E Section Name        Object

    0x20003000        -       0x00000010   Zero   RW          447    .ARM.__AT_0x20003000  arch_board.o


==============================================================================

Image component sizes


      Code (inc. data)   RO Data    RW Data    ZI Data      Debug   Object Name

       404         14          0         24        240       4175   alert.o
       452         26         64         80         10       2320   arch_adc.o
      1492        150          0         16         56       9867   arch_board.o
       504         14          0          4         20       1945   arch_can.o
       280          6          0          0          0       1265   arch_dac.o
       572         20          0          0          0       2292   arch_gpio.o
       712         26          0          2          0      28436   arch_time.o
       828         18          0          2        200       5314   eeprom.o
      2168         60          0         48          0     224668   main.o
       300         10          0          8        800       3314   massage.o
        36          8        392          0       1024        896   startup_stm32f37x.o
      8456        120          0        368       1952      28975   step.o
       768         14          0          0          0      10137   stm32f37x_adc.o
      1792         40          0          0          0       8984   stm32f37x_can.o
       316          6          0          0          0       5865   stm32f37x_dac.o
       456         10          0          0          0       4890   stm32f37x_dma.o
      1256         26          0          0          0       8722   stm32f37x_flash.o
       368         22          0          0          0       4269   stm32f37x_gpio.o
       512         40          0          2          0     238517   stm32f37x_it.o
       176         14          0          0          0       2149   stm32f37x_misc.o
      1088         38          0         36          0       9995   stm32f37x_rcc.o
       196          6          0          0          0       2623   stm32f37x_syscfg.o
      2360         54          0          0          0      23529   stm32f37x_tim.o
       356         34          0         20          0       1899   system_stm32f37x.o

    ----------------------------------------------------------------------
     25848        776        488        616       4304     635046   Object Totals
         0          0         32          0          0          0   (incl. Generated)
         0          0          0          6          2          0   (incl. Padding)

    ----------------------------------------------------------------------

      Code (inc. data)   RO Data    RW Data    ZI Data      Debug   Library Member Name

        86          0          0          0          0          0   __dczerorl2.o
         0          0          0          0          0          0   entry.o
         0          0          0          0          0          0   entry10a.o
         0          0          0          0          0          0   entry11a.o
         8          4          0          0          0          0   entry2.o
         4          0          0          0          0          0   entry5.o
         0          0          0          0          0          0   entry7b.o
         0          0          0          0          0          0   entry8b.o
         8          4          0          0          0          0   entry9a.o
        30          0          0          0          0          0   handlers.o
        36          8          0          0          0         68   init.o

    ----------------------------------------------------------------------
       172         16          0          0          0         68   Library Totals
         0          0          0          0          0          0   (incl. Padding)

    ----------------------------------------------------------------------

      Code (inc. data)   RO Data    RW Data    ZI Data      Debug   Library Name

       172         16          0          0          0         68   mc_w.l

    ----------------------------------------------------------------------
       172         16          0          0          0         68   Library Totals

    ----------------------------------------------------------------------

==============================================================================


      Code (inc. data)   RO Data    RW Data    ZI Data      Debug   

     26020        792        488        616       4304     628298   Grand Totals
     26020        792        488        216       4304     628298   ELF Image Totals (compressed)
     26020        792        488        216          0          0   ROM Totals

==============================================================================

    Total RO  Size (Code + RO Data)                26508 (  25.89kB)
    Total RW  Size (RW Data + ZI Data)              4920 (   4.80kB)
    Total ROM Size (Code + RO Data + RW Data)      26724 (  26.10kB)

==============================================================================

